Qxu, Qxu, Qxu, Qxu, Qxu, Qxu, Qxu, Qxu, Qxu, Qxu, Qxu, Qxu, Qxu, Qxu, Qxu, Qxu, Ms, Xv, Aa, Ai, Aa, Aa, Ai, Ha, Ha, Qxu, Qxu, Qxu, Qxu, Qxu, Rr, Rr, Hhd, Rr, Rr, Ql, Ql, Hhd, Mm, Mv, Mm, Md, Ql, Cd, Cd, Cd, Cd, Cd, Cd, Cd, Rr
Qxu, Qxu, Qxu, Qxu, Qxu, Qxu, Aa^Fpa, Qxu, Qxu, Qxu, Ha, Qxu, Ms, Qxu, Ha, Ha^Fpa, Ha^Fpa, Aa, Ai, Ai, Cha, Aa, Aa, Ai, Ai, Aa^Fpa, Re, Qxu, Rr, Ql, Ql^Bsb/, Hhd, Md, Md, Mv, Rr, Rr, Ql, Md, Md, Ql, Ql, Cd, Ql, Ql, Cd, Cd, Cd, Rr, Rr, Rr
Qxu, Qxu, Qxu, Qxu, Qxu, Aa^Fpa, Ms, Ha, Ms, Ha, Aa^Fpa, Ha, Ha^Fpa, Ha^Fpa, Aa, Ha, Aa, Aa, Ai, Cha, Cha, Cha, Aa, Ai, Ms, Ha^Fpa, Ha, Re, Re, Rr, Ql, Md, Md, Md, Md, Md, Rr, Ql, Ql, Ql, Rrc, Cd, Cd, Cd, Ql, Ql, Rr, Rr, Rr, Rr, Cd
Qxu, Qxu, Qxu, Qxu, Aa^Fpa, Ha, Aa, Aa^Fpa, Aa, Aa^Fpa, Ai, Aa, Aa, Aa, Ai, Aa, Ai, Ai, Cha, Cha, Cha, Cha, Aa, Ai, Ms, Ms, Ms, Re, Re, Rr, Rr, Ql, Md, Mv, Md, Hhd, Ql, Ql^Bsb\, Rr, Ql^Bsb/, Ql, Qlf, Qlf, Cd, Rr, Ql^Bsb/, Ql^Bsb/, Rr, Rr, Cd, Cd
Qxu, Qxu, Qxu, Ms, Ha^Fpa, Aa^Fpa, Ai, Ai, Ai, Ai, Ai, Ai, Ai, Ai, Ai, Ai, Ai, Ai, Rrc, Cha, Cha, Cha, Ai, Ai, Ms, Ms, Ha^Fma, Re, Re, Hhd, Hhd, Ql^Bsb\, Ql^Bsb\, Md, Ql, Ql, Cd, Ql^Bsb/, Ql, Rr, Rr, Ql, Ql, Qlf, Qlf, Rr, Rr, Ql^Bsb/, Ql, Ql, Ql
Qxu, Qxu, Ms, Ms, Aa, Aa, Ai, Ai, Ai, Ai, Ai, Ai, Ai, Ai, Ai, Ai, Ms, Rrc, Aa^Fpa, Ai, Ai, Ai, Ms, Ms, Ms, Ms, Ms, Re, Re, Md, Mv, Md, Ql, Ql^Bsb\, Cd, Cd, Cd, Qlf, Ql, Ql, Rr, Rr, Rr, Ql, Ql, Qlf, Qlf, Cd, Cd, Cd, Cd
Ai, Ha^Fpa, Aa^Fpa, Ha^Fpa, Aa, Ai, Ai, Ai, Ai, Ai, Ai, Ai, Ai, Ai, Ms, Ha, Rrc, Rrc, Aa^Fpa, Aa^Fpa, Ha^Fpa, Ha^Fpa, Aa^Fpa, Aa^Fma, Ha^Fma, Aa^Fma, Re, Re, Re, Md, Md, Md, Ql, Qlf, Qlf, Cd, Cd, Cd, Rr, Ql, Ql, Rr, Rr, Rr, Rr, Ql, Ql, Qlf, Rr, Cd, Ql
Ha^Fpa, Ai, Ai, Aa^Fpa, Ai, Ai, Ai, Ai, Ai, Ai, Aa, Ai, Aa^Fpa, Aa^Fpa, Ha, Ha^Fpa, Rrc, Aa^Fpa, Ha^Fpa, Aa^Fpa, Re, Re, Re, Re, Re, Re, Re, Re, Re, Re, Re, Md, Hhd, Ql, Ql, Ql, Qlf, Ql, Ql^Bsb/, Rr, Rr, Ql, Ql, Ql, Ql, Rr, Rr, Ql^Bsb/, Ql, Ql, Md
Ha^Fpa, Ms, Ai, Ai, Ai, Ai, Aa, Ai, Aa, Aa, Aa, Aa, Aa, Ms, Rrc, Rrc, Aa^Fpa, Aa^Fpa, Re, Re, Re, Re, 3 Re, Re, 5 Re, Re, Re, Re, Re, Re, Qxu, Qxu, Qxu, Qxu, Mm, Mv, Mm, Rr, Ql, Ql, Cd, Cd, Cd, Qlf, Cd, Ql^Bsb/, Ql, Ql^Bsb\, Rr, Ql, Ql
Ai, Ai, Ai, Ai, Aa^Fpa, Aa, Aa, Aa, Ha, Ms, Aa^Fpa, Aa, Aa, Aa^Fpa, Rrc, Aa^Fpa, Wwf, Re, Re, Re, Re, Re^Fp, Hh, 4 Re, 6 Re, 9 Re, Re, Re^Fp, Mm, Hh, Wwf, Qxu, Qxu, Qxu, Qxu, Mm, Qxu, Rr, Ql, Qlf, Qlf, Cd, Cd, Cd, Qlf, Qlf, Ql, Ql, Rr, Rr, Xv
Ai, Ai, Aa^Fpa, Ha, Ha, Ha^Fpa, Ha^Fpa, Aa, Qxua, Qxua, Qxua, Ms, Rrc, Rrc, Wwf, Wwf, Wwf, Wwf, Re^Fdf, Re, Re, Re, Hh^Fdf, 7 Re, Re, 8 Re, Re, Re, Re^Fdf, Hh^Fmf, Wwf, Re^Fdf, Re, Qxu, Qxu, Qxu, Qxu, Qxu^Bsb|, Qxu, Ql, Ql, Qlf, Qlf, Qlf^Bsb|, Ql, Ql, Mv, Hhd, Md, Rr, Xv
Ha^Fpa, Ha^Fpa, Ha, Ms, Ai, Ms, Aa, Gs, Qxua, Qxua, Qxua, Qxua, Qxua, Wwf, Wwf, Wwf, Ww, Mm, Re, Re, Re, Re, Re, Re^Vct, Hh, Re^Fmf, Re^Tf, Re, Re, Ss, Hh, Wwf, Re^Vct, Re, Ch, Qxu, Qxu, Qxu^Bsb|, Qxu, Ql, Ql, Ql, Ql, Ql^Bsb|, Md, Md, Md, Md, Md, Hhd, Xv
Gs, Gs, Gs, Aa^Fpa, Aa, Aa, Gs, Gs, Qxua, Qxua, Qxua, Qxua, Qxua, Wwf, Wo, Wo, Wwf, Tb^Tf, Re, Re, Re, Re, Re, Re, Hh^Fp, Mm, Re, Re, Re, Re, Re, Wwf, Re, Re, Chr, Ch, Re^Tf, Qxu^Bsb|, Qxu, Qxu, Ql, Qlf, Cd, Cd, Cd, Md, Md, Mv, Md, Md, Xv
Gs^Ft, Gs^Ft, Gs^Ft, Gs, Gs, Gs, Gs^Ft, Gs, Qxua, Qxua, Qxua, Qxua, Qxua, Chw, Chw, Ww, Re, Ss^Vhs, Re, Re, Mm, Hh^Fmf, Re, Re, Re, Re, Re, Re^Vct, Re, Re, Re, Wwf, Re^Fdf, Re, Re, Chw, Wwf, Wwf^Bsb|, Qxu, Qxu, Ql, Qlf, Qlf, Cd, Cd, Cd, Qlf, Md, Ql^Bsb|, Ql, Xv
Gs, Gs^Ft, Iwr, Gs^Wm, Gs^Wm, Gs^Ft, Qxua, Qxua, Qxua, Qxua, Qxua, Qxua, Hh, Mm, Hh^Fmf, Chw, Wwf, Re, Re, Re, Re, Re^Fp, Re, Re, Re, Re, Ch, Re, Re, Re, Re, Wwf, Wwf, Re, Re, Chw, Wwf, Hhd^Fp, Md, Qxu, Qxu, Ql, Ql, Qlf, Qlf, Qlf^Bsb|, Ql, Ql, Ql^Bsb|, Ql, Xv
Iwr, Iwr, Iwr, Iwr, Iwr, Gg^Wm, Qxua, Qxua, Qxua, Qxua, Qxua, Qxua, Wwf, Hh^Fdf, Wwf, Wwf, Wwf, Wwf, Hhd, Re, Re, Re, Re, Ch, Ch, Ch, Re, Re, Re^Fmf, Re^Tf, Re^Fdf, Re, Wwf, Re, Wwf, Wwf, Re, Hhd, Tb^Tf, Qxu, Qxu, Qxu, Qxu, Ql, Ql, Ql^Bsb|, Qxu, Qxu, Qxu^Bsb|, Qxu, Xv
Iwr, Iwr, Iwr, Iwr, Qxua, Qxua^Bw|, Qxua, Qxua, Qxua, Qxua, Qxua, Wwf, Re^Fp, Wwf, Re, Re, Re, Wwf, Wwf, Re, Re, Re, Re, Re, Re, Re, Re, Re, Re, Hh, Re, Re, Wwf, Wwf, Re, Re, Re, Re, Re, Re^Fmf, Qxu, Qxu, Qxu, Qxu, Qxu, Qxu^Bsb|, Qxu, Qxu, Qxu^Bsb|, Qxu, Xv
Iwr, Iwr, Qxua, Qxua^Bw|, Qxua, Qxua^Bw|, Gs, Qxua, Qxua, Qxua, Wo, Wwf, Re, Re, Re, Re, Re, Re, Re^Fmf, Wwf, Re^Fdf, Re, Hh, Re, Wwf, Wwf, Wwf, Chr, Ch, Re, Re, Re, Wwf, Re^Vct, Re, Re, Re, Re, Re^Vct, Re, Re^Fp, Qxu, Qxu, Qxu, Qxu, Qxu^Bsb|, Dd, Dd^Edp, Dd, Dd, Dd
Qxua, Qxua, Qxua, Qxua^Bw|, Gg, Gs, Gg, Gg, Qxua^Bw\, Qxua, Wwf, Wwf, Re, Re, Re^Vct, Re, Re, Re, Re, Wwf, Wwf, Hh^Fp, Mm^Xm, Hh^Fdf, Chw^Xo, Chw^Xo, Chw^Xo, Chw, Chw, 1 Ch, Wwf, Wwf, Re, Re, Re, Re, Re^Fdf, Hh, Re, Re, Re^Tf, Qxu, Qxu, Qxu, Dd, Dd, Dd, Dd, Dd, Dd^Edp, Dd
Qxua, Qxua, Qxua, Gg, Gg, Gg, Gs, Gs, Qxua, Qxua^Bw\, Wwf, Re^Tf, Re, Re, Tb^Tf, Hh, Mm, Re, Re, Wo, Wwf, Mm^Xm, Chw^Xo, Chw^Xo, Xv, Xv, Xv, Chw^Xo, Mm, Wwf, Re, Re, Re, Re, Ch, Re, Re, Re^Tf, Re, Re, Mm, Rd, Rd, Rd, Dd, Dd, Dd, Dd, Co, Dd, Dd
Qxua, Qxua, Gg, Gg, Gd, Gd, Gs, Qxua, Qxua, Qxua, Mm, Re^Fmf, Re, Re, Re, Hh^Fmf, Re, Re, Re, Re, Hhd^Fmf, Wwf, Re^Tf, Xv, Rd, Rd, Rd, Xv, Tb^Tf, Wo, Re, Re, Re^Fdf, Ch, Chr, Ch, Re, Re, Re, Hh, Hh^Fp, Rd, Rd, Dd, Dd^Edp, Dd, Co, Co, Co, Co, Dd
Qxua, Qxua, Gs, Gs, Gs, Gs, Qxua, Qxua, Qxua, Qxua, Hh^Fmf, Re, Re, Re, Re, Re, Chr, Re, Re^Fdf, Re, Re, Wwf, Tb^Tf, Rd, Rd, Ds, Rd, Rd, Re^Tf, Wwf, Hh^Fmf, Re, Re, Re, Re, Re, Re, Re, Re, Re, Mm, Rd, Rd, Dd, Dd, Dd^Edp, Co, Co, Co, Co, Dd
Qxua, Qxua, Gs, Gs, Qxua, Qxua, Qxua, Qxua, Qxua, Qxua, Mm, Hh, Re, Re, Re, Ch, Ch, Ch, Re, Re, Re, Wo, Mm, Xv, Xv, Rd, Xv, Xv, Chw^Xo, Wwf, Wwf, Re, Re, Re, Mm, Hh^Fmf, Tb^Tf, Re, Re, Re^Fmf, Wwf, Rd, Rd, Dd, Dd, Dd, Dd, Co, Co, Co, Dd
Qxua, Qxua, Gs, Gs, Qxua, Qxua, Qxua, Qxua, Qxua, Qxua, Re^Tf, Re, Re, Re^Tf, Re^Fdf, Re, Re, Re, Re, Re, Wwf, Wwf, Chw, Chw^Xo, Chw^Xo, Xv, Chw^Xo, Chw^Xo, Mm^Xm, Mm^Xm, Wwf, Wo, Re, Re, Re, Hh, Re^Vct, Re, Re, Re^Tf, Wwf, Rd, Rd, Rd, Dd, Dd, Dd, Dd, Dd, Dd, Dd
Gs, Gs, Rb, Rb, Qxua, Qxua, Qxu, Qxu, Qxu, Qxu, Re^Fp, Re, Re^Vct, Hh, Re, Re, Re, Re, Wwf, Wwf, Re, 2 Ch, Ch, Chw, Wwf, Chw^Xo, Wwf, Hh^Fdf, Hh, Hh^Fmf, Re^Fdf, Wwf, Re^Fmf, Re, Re, Re, Re, Re, Re, Re, Wo, Qxu, Qxu, Rd, Rd, Dd, Dd, Dd, Dd, Dd, Hd
Qxua, Rb, Rb, Rb, Qxu, Qxu, Qxu, Qxu, Qxu, Qxu, Qxu, Re, Re, Re, Re, Re, Re, Re^Vct, Wwf, Re, Re, Re, Re, Chr, Re, Wwf, Re, Re, Re, Re, Re, Wwf, Wwf, Re, Re, Re, Re, Re, Re^Fdf, Wwf, Qxu, Qxu, Qxu, Qxu, Qxu, Dd, Dd, Dd, Dd^Edp, Hd^Edp, Hd
Qxua, Rb, Rb, Rb, Qxu, Qxu, Qxu, Qxu, Qxu, Qxu, Qxu, Re^Fmf, Tb^Tf, Re, Re, Re, Wwf, Wwf, Wwf, Re, Re^Fp, Hh, Re^Fmf, Re, Re, Re, Ch, Re, Re, Re, Re, Re, Hhd, Wwf, Wwf, Re, Wwf, Wwf, Wwf, Wwf, Qxu, Qxu, Qxu, Qxu, Qxu, Qxu, Dd, Dd, Dd, Hd, Dd
Rb^Gvs, Rb^Gvs, Rb^Gvs, Rb, Rb^Fds, Rb^Fds, Rb^Fds, Qxu, Qxu, Qxu, Qxu, Qxu, Md, Hhd, Wwf, Wwf, Re, Re, Wwf, Re, Re, Re^Tf, Re, Re, Ch, Ch, Re, Ch, Re, Re, Re, Re, Re, Wwf, Wwf, Wwf, Hh^Fmf, Hh^Fdf, Hh, Qxu, Qxu, Qxu, Qxu, Qxu, Qxu, Qxu, Ur, Dd, Ur, Ur, Qxu
Rb^Fds, Rb^Gvs, Rb^Gvs, Rb^Gvs, Rb^Gvs, Rb^Fds, Rb^Fds, Qxu, Qxu, Qxu, Qxu, Qxu, Qxu, Hhd^Fmf, Wwf, Chw, Re, Re, Re^Fdf, Wwf, Re, Re, Re, Re, Re, Re, Re, Re, Re, Re^Fdf, Mm, Re, Re, Re, Re, Chw, Chw, Mm, Qxu, Qxu, Qxu, Qxu, Qxu, Qxu, Qxu, Qxu, Ur, Ur, Ur, Ur, Qxu
Rb^Gvs, Rb^Gvs, Wwt, Wwt, Rb^Gvs, Rb^Gvs, Rb^Gvs, Rb^Fds, Rb^Fds, Qxu, Qxu, Qxu, Qxu, Wwf, Re^Tf, Chw, Chr, Re, Re, Wwf, Re, Re, Re, Re^Vct, Re, Re, Hh^Fdf, Re, Re, Hh^Fmf, Re, Re, Re, Ss^Vhs, Wwf, Ww, Wo, Chw, Qxu, Qxu, Qxu, Qxu, Qxu, Qxu, Qxu, Qxu, Ur, Ur, Wog^Edp, Ur, Qxu
Rb^Gvs, Wwt, Rb^Gvs, Rb^Gvs, Rb^Fds, Rb^Gvs, Rb^Gvs, Rb^Gvs, Rb^Fds, Qxu, Qxu, Qxu, Qxu, Qxu, Rb, Ch, Ch, Re, Re^Vct, Wwf, Hh, Re, Re, Re, Re^Tf, Mm, Hh, Re, Re, Re, Re, Re, Re, Tb^Tf, Ww, Wo, Qxu, Qxu^Bsb\, Qxu^Bsb\, Qxu, Qxu, Qxu, Qxu, Qxu, Qxu, Qxu, Uu, Cud^Fet, Wog^Edp, Cud, Uu
Rb^Gvs, Rb^Gvs, Rb^Fds, Rb^Gvs, Rb^Gvs, Rb^Gvs, Rb^Gvs, Rb^Gvs, Rb^Gvs, Rb^Fds, Qxu, Qxu, Qxu, Qxu, Rb, Rb, Rb, Re, Re, Wwf, Wwf, Ss, Re^Fmf, Re, Re, Re^Fmf, Re, Re^Vct, Hh^Fmf, Re, Re, Re, Re^Fdf, Mm, Qxu, Qxu, Qxu, Qxu, Qxu, Qxu^Bsb\, Qxu^Bsb\, Qxu, Qxu, Qxu, Qxu, Qxu, Qxu, Uu^Tf, Cud^Fet, Uu, Qxu
Rb^Gvs, Rb^Gvs, Rb^Gvs, Rb^Gvs, Rb^Gvs, Rb^Gvs, Chw, Chw, Rb^Gvs, Rb^Fds, Rb^Fds, Rb^Fds, Rb^Fds, Rb, Rb, Rb, Rb, Rb, Qxu, Re^Fdf, Wwf, Hh^Fmf, Mm, Re, Re, Re, Re, Re, Hh, Re, Re, Re, Qxu, Qxu, Qxu, Qxu, Qxu, Qxu, Qxu, Qxu, Kud^Fet, Uu, Qxu, Qxu, Cud, Qxu, Qxu, Uu, Uu, Uu, Qxu
Rb^Gvs, Rb^Gvs, Rb^Gvs, Rb^Gvs, Wwt, Wwt, Rb^Gvs, Rb^Gvs, Rb^Gvs, Rb^Gvs, Rb^Fds, Rb^Gvs, Rb^Gvs, Rb^Fds, Rb, Rb, Rb, Rb, Qxu, Qxu, Qxu, Hh, Qxu, Re^Fdf, Qxu, Re, Qxu, Re, Qxu, Re^Fdf, Qxu, Qxu^Bsb\, Qxu^Bsb\, Qxu, Qxu, Qxu, Qxu, Qxu, Qxu, Wog^Edp, Wog^Edp, Qxu^Bs\, Ur, Ur, Ur, Wog^Edp, Qxu^Bsb/, Qxu^Bsb/, Qxu^Bs|, Wog^Edp, Wog^Edp
Rb^Gvs, Rb^Gvs, Rb^Gvs, Rb^Gvs, Rb^Gvs, Rb^Gvs, Rb^Fds, Rb^Gvs, Rb^Gvs, Rb^Gvs, Rb^Gvs, Rb^Gvs, Wwt, Rb^Fds, Rb^Fds, Rb, Rb, Qxu, Qxu, Qxu, Qxu, Qxu, Qxu, Qxu, Qxu, Qxu, Qxu, Qxu, Qxu, Qxu, Qxu, Qxu, Qxu, Qxu^Bsb\, Qxu^Bsb\, Qxu, Qxu, Qxu, Qxu, Qxu, Qxu, Qxu, Wog^Edp, Wog^Edp, Cud^Fet, Ur, Qxu, Qxu, Uu, Cud, Wog^Edp
Rb^Gvs, Rb^Gvs, Rb^Gvs, Rb^Gvs, Rb^Gvs, Rb^Gvs, Rb^Gvs, Rb^Gvs, Wwt, Wwt, Chw, Chw, Rb^Gvs, Rb^Gvs, Rb^Gvs, Rb^Fds, Rb^Fds, Qxu, Qxu, Qxu, Qxu, Qxu, Qxu, Qxu, Qxu, Qxu, Qxu, Qxu, Qxu, Qxu, Qxu, Qxu, Qxu, Qxu, Qxu, Qxu^Bsb\, Qxu^Bsb\, Qxu, Wog^Edp, Qxu, Qxu, Qxu, Qxu^Bsb/, Ur, Qxu, Qxu^Bs|, Qxu, Qxu, Qxu, Uu, Qxu
Rb^Fds, Rb^Gvs, Rb^Gvs, Rb^Gvs, Rb^Gvs, Rb^Gvs, Rb^Gvs, Wwt, Rb^Gvs, Rb^Gvs, Rb^Gvs, Rb^Gvs, Rb^Gvs, Rb^Gvs, Rb^Gvs, Rb^Gvs, Rb^Fds, Qxu, Qxu, Qxu, Qxu, Qxu, Rb^Fds, Qxu, Qxu, Qxu, Qxu, Qxu, Qxu, Qxu, Qxu, Qxu, Qxu, Qxu, Qxu, Qxu, Qxu, Cud^Fet, Cud, Wog^Edp, Ur, Qxu^Bsb/, Qxu, Qxu, Qxu, Cud^Fet, Qxu^Bsb\, Qxu, Qxu, Qxu^Bsb|, Qxu
Rb^Gvs, Rb^Gvs, Wwt, Wwt, Rb^Gvs, Rb^Gvs, Rb^Gvs, Rb^Gvs, Rb^Gvs, Rb^Gvs, Rb^Gvs, Rb^Gvs, Wwt, Rb^Gvs, Rb^Gvs, Rb^Gvs, Wwt, Rb^Fds, Rb^Fds, Rb^Fds, Rb^Fds, Rb^Fds, Rb^Gvs, Rb^Fds, Rb^Fds, Qxu, Qxu, Qxu, Qxu, Qxu, Qxu, Qxu, Qxu, Qxu, Qxu, Qxu, Qxu, Qxu, Uu^Tf, Ur, Qxu, Qxu, Qxu, Qxu, Qxu, Qxu, Ur, Ur, Ur, Qxu^Bsb|, Qxu
Chw, Wwt, Rb^Gvs, Rb^Gvs, Rb^Fds, Rb^Gvs, Rb^Gvs, Rb^Gvs, Wwt, Rb^Gvs, Rb^Gvs, Wwt, Rb^Gvs, Rb^Gvs, Rb^Fds, Wwt, Rb^Gvs, Rb^Gvs, Rb^Gvs, Rb^Gvs, Rb^Gvs, Rb^Gvs, Chw, Chw, Rb^Gvs, Rb^Fds, Qxu, Qxu, Qxu, Qxu, Qxu, Qxu, Qxu, Qxu, Qxu, Qxu, Qxu, Qxu, Qxu, Qxu^Bsb\, Qxu^Bsb\, Qxu, Uu^Tf, Qxu, Qxu^Bsb/, Qxu^Bsb/, Uu^Tf, Wog^Edp, Wog^Edp, Ur, Qxu
Rb^Gvs, Rb^Gvs, Rb^Gvs, Rb^Gvs, Rb^Gvs, Rb^Gvs, Wwt, Wwt, Rb^Gvs, Rb^Gvs, Rb^Gvs, Rb^Gvs, Rb^Gvs, Rb^Gvs, Rb^Gvs, Rb^Gvs, Rb^Fds, Rb^Gvs, Rb^Gvs, Tb^Tf, Wwt, Wwt, Rb^Gvs, Rb^Gvs, Rb^Fds, Rb^Fds, Qxu, Qxu, Qxu, Qxu, Qxu, Qxu, Qxu, Qxu, Qxu, Qxu, Qxu, Qxu, Qxu, Qxu, Wog^Edp, Uu, Uu, Qxu^Bsb/, Qxu, Qxu, Qxu, Cud^Fet, Ur, Ur, Qxu
Rb^Gvs, Rb^Gvs, Rb^Gvs, Rb^Gvs, Chw, Chw, Rb^Gvs, Rb^Gvs, Rb^Gvs, Rb^Gvs, Rb^Gvs, Rb^Fds, Wwt, Chw, Rb^Gvs, Rb^Fds, Rb^Gvs, Rb^Gvs, Rb^Gvs, Wwt, Rb^Gvs, Rb^Gvs, Rb^Gvs, Rb^Gvs, Wwt, Rb^Fds, Rb^Fds, Qxu, Qxu, Qxu, Qxu, Qxu, Qxu, Qxu, Qxu, Qxu, Qxu, Qxu, Qxu, Uu, Wog^Edp, Kud^Fet, Cud, Uu, Cud^Fet, Qxu, Qxu, Qxu, Uu, Uu, Uu
Rb^Gvs, Rb^Gvs, Rb^Fds, Rb^Gvs, Rb^Gvs, Rb^Gvs, Rb^Fds, Rb^Gvs, Rb^Gvs, Rb^Gvs, Chw, Wwt, Rb^Gvs, Rb^Gvs, Rb^Gvs, Rb^Gvs, Rb^Gvs, Rb^Gvs, Rb^Fds, Rb^Gvs, Rb^Gvs, Rb^Gvs, Wwt, Wwt, Rb^Fds, Rb^Gvs, Rb^Gvs, Rb^Fds, Qxu, Qxu, Qxu, Qxu, Qxu, Qxu, Qxu, Qxu, Qxu, Qxu, Qxu, Qxu, Qxu, Wog^Edp, Cud^Fet, Uu, Qxu, Qxu, Qxu, Qxu, Uu, Wog^Edp, Wog^Edp
