Xu, Xu, Xu, Xu, Xu, Xu, Xu, Xu, Xu, Xu, Xu, Xu, Xu, Xu, Xu, Xu, Xu, Xu, Xu, Xu, Xu, Xu, Xu, Xu, Xu, Xu, Xu, Xu, Xu, Xu, Xu, Xu, Xu, Xu, Xu, Xu, Xu, Xu, Xu, Xu, Xu, Xu, Xu, Xu, Xu, Xu, Xu, Xu, Xu, Xu, Xu, Xu, Xu, Xu, Xu, Xu, Xu, Xu, Xu, Xu, Xu, Xu, Xu, Xu, Xu, Xu, Xu, Xu, Xu, Xu, Xu, Xu, Xu, Xu, Xu, Xu, Xu, Xu, Xu, Xu, Xu, Xu, Xu, Xu, Xu, Xu, Xu, Xu, Xu, Xu, Xu, Xu, Xu, Xu, Xu, Xu, Xu, Xu, Xu, Xu, Xu, Xu, Xu, Xu, Xu, Xu, Xu, Xu, Xu, Xu, Xu, Xu, Xu, Xu, Xu, Xu, Xu, Xu, Xu, Xu, Xu, Xu
Xu, Xu, Xos, Xos, Xos, Xos, Xos, Xos, Xos, Xos, Xos, Xos, Xos, Xu, Xos, Xos, Xos, Xos, Xos, Xos, Xos, Xos, Xos, Xos, Xos, Xu, Xos, Xos, Xos, Xos, Xos, Xos, Xos, Xos, Xos, Xos, Xos, Xos, Xos, Xu, Xos, Xos, Xos, Xos, Xos, Xos, Xos, Xos, Xos, Xu, Xos, Xos, Xos, Xos, Xos, Xos, Xos, Xos, Xos, Xos, Xos, Xos, Xos, Xos, Xos, Xu, Xos, Xos, Xos, Xos, Xos, Xos, Xos, Xos, Xos, Xu, Xos, Xos, Xos, Xos, Xos, Xos, Xos, Xos, Xos, Xos, Xos, Xos, Xos, Xos, Xos, Xos, Xos, Xos, Xos, Xos, Xos, Xos, Xos, Xos, Xos, Xos, Xos, Xu, Xos, Xos, Xos, Xos, Xos, Xos, Xos, Xos, Xos, Xos, Xos, Xos, Xos, Xos, Xos, Xos, Xos, Xu
Xu, Xos, Ms, Ms, Ms, Ha, Ms, Ha, Rrc, Ha, Ww, Ww, Ww, Ur, Urb, Ms, Aa, Ms, Aa^Voa, Ms, Ms, Ha, Aa^Fpa, Ms, Ww, Ur, Urb, Ww, Ww, Aa, Ha, Ha^Fpa, Ww, Ha, Aa, Ha^Fpa, Ms, Aa^Vea, Xos, Xu, Xos, Uu^Vu, Uu, Wwf, Uu, Tb^Tf, Rrc, Uu, Ww, Ur, Urb, Ww, Wwf, Tb^Tf, Uu, Uh, Tb^Tf, Uu, Tb^Tf, Uu^Vu, Uh, Uu, Rrc, Uh, Ww, Ur, Urb, Ww, Ww, Ww, Wwf, Tb^Tf, Uh, Uu, Rrc, Ur, Urb, Rrc, Rrc, Re, Ww, Gs^Fms, Hh, Gs^Fds, Rrc, Rrc, Rrc, Re, Ww, Gd^Vo, Gs^Fms, Hhd, Gs^Fdw, Gs^Fds, Hh, Gll^Fmf, Mm, Gll^Fmf, Hhd, Gd^Fdf, Re, Gd^Vo, Xos, Xu, Xos, Gd^Vo, Gd, Gd, Gd, Mm, Gs^Fdw, Gd, Hh, Hh, Gll^Fp, Gs^Fdw, Gd^Fdf, Hh, Gll^Fp, Gd^Vo, Xos, Xu
Xu, Xos, Ms, Ha^Vhha, Ww, Ww, Ww^Bw/, Rrc, Ww, Ww^Bw\, Rrc, Ms, Rrc, Ur, Urb, Ww, Wwf, Ms, Aa, Aa, Rrc, Rrc, Ww^Bw\, Wwf, Ms, Ur, Urb, Aa, Aa^Fpa, Wwf, Ww, Ww, Aa, Wwf, Ww, Aa, Aa, Aa, Xos, Xu, Xos, Tb^Tf, Uu, Uh, Rrc, Rrc, Wwf, Ww^Bsb\, Rrc, Ur, Urb, Uh, Ww^Bsb/, Rrc, Rrc, Uu, Ww, Ww, Wwf, Uu, Uu, Rrc, Tb^Tf, Ww^Bsb\, Rrc, Ur, Urb, Uh, Uu, Tb^Tf, Uh, Ww, Ww^Bsb/, Rrc, Ww, Ur, Urb, Gs^Fms, Wwf, Ww^Bw\, Rrc, Wwf, Ww^Bw/, Rrc, Gll^Fmf, Gd^Fdf, Wwf, Ww^Bw\, Rrc, Wwf, Ww, Ww, Wwf, Gd^Fdf, Rrc, Re, Ww, Re, Rb, Re, Hh, Gs^Fms, Xos, Xu, Xos, Hh, Gs^Fds, Gll^Fp, Gd, Gs^Fds, Gll^Fp, Hh, Ww, Wwf, Ww, Hh, Rd, Rd, Rd, Gs^Fds, Xos, Xu
Xu, Xos, Ha, Ww, Rrc, Rrc, Ms, Ww, Ms, Ha, Ms, Rrc, Xos, Ur, Xos, Rrc, Ms, Ww, Ms, Rrc, Ms, Ww, Ms, Rrc, Rrc, Ur, Xos, Rrc, Rrc, Ha, Ww, Ms, Aa, Aa^Fpa, Ww, Ha, Rrc, Ha, Xos, Xu, Xos, Qxu, Rrc, Rrc, Wwf, Tb^Tf, Ww, Uu, Uu, Ur, Xos, Rrc, Uu, Ww, Wwf, Ww^Bsb\, Rrc, Uu, Ww, Tb^Tf, Rrc, Rrc, Uh, Ww, Uu, Ur, Xos, Rrc, Rrc, Uu, Uu, Rrc, Tb^Tf, Wwf, Tb^Tf, Ur, Xos, Ww, Gd^Vo, Re, Re, Rrc, Wwf, Hhd, Gs^Fdw, Mm, Ww, Gs^Fds, Gll^Fmf, Rrc, Rrc, Mm, Rrc, Ww^Bw/, Wwf, Ww^Bw\, Rrc, Ww^Bw/, Wwf, Rb, Rb, Re, Xos, Xu, Xos, Gd, Gd^Fdf, Hh, Rd, Hh, Wwf, Ww, Gs^Fds, Gll^Fp, Rd, Ww^Bw/, Wwf, Gd, Mm, Rd, Xos, Xu
Xu, Xos, Rrc, Ww^Bw/, Ms, Ms, Ms^Xm, Ms^Xm, Ms^Xm, Ms^Xm, Ms^Xm, Ms^Xm, Xos, Xu, Xos, Rrc, Ha, Ww, Rrc, Rrc, Ha, Ww, Aa, Aa^Fpa, Aa, Xu, Xu, Xos, Rrc, Aa, Wwf, Ha, Rrc, Rrc, Rrc, Ww^Bw/, Ww, Rrc, Xos, Xu, Xos, Wwf, Rrc, Qxu, Tb^Tf, Uu, Ww, Uh, Uu, Xu, Xu, Xos, Xos, Tb^Tf, Uu, Uh, Rrc, Uu, Ww, Uh, Rrc, Uu, Ww, Wwf, Uh, Xu, Xu, Xos, Rrc, Tb^Tf, Rrc, Rrc, Uu, Uu, Xos, Xu, Xu, Xos, Xos, Xos, Xos, Mm, Gs^Fds, Ww, Ww, Wwf, Gd^Fdf, Hh, Xos, Xos, Xu, Rrc, Gs^Fdw, Re, Ww, Gs^Fdw, Rrc, Mm, Gll^Fmf, Ww, Ww^Bw|, Gs^Fds, Xos, Xu, Xos, Gs^Fdw, Rd, Rd, Ww, Ww^Bw\, Rd, Gs^Fdw, Mm, Gd, Rd, Hh, Ww, Gs^Fds, Gll^Fp, Rd, Xos, Xu
Xu, Xos, Rrc, Ww, Ms, Ha, Rrc, Ms, Ww, Ms, Ha, Ms, Xos, Xu, Xos, Rrc, Rrc, Ww^Bw/, Ww, Ms, Wwf, Ww, Aa, Ha, Ms, Xos, Xu, Xos, Ha^Fpa, Rrc, Rrc, Ww^Bw/, Ww, Ha, Aa, Ha^Fpa, Wwf, Rrc, Xos, Xu, Xos, Tb^Tf, Rrc, Uu, Ww, Wwf, Uh, Uu, Qxu, Xos, Xos, Xu, Xos, Uh, Uu, Rrc, Uh, Uu, Tb^Tf, Wwf, Ww^Bsb|, Ww, Uu, Uu, Uu, Xos, Xu, Xos, Uh, Rrc, Tb^Tf, Uh, Xos, Xos, Xu, Xu, Xos, Xu, Xu, Xu, Xu, Xos, Xos, Hh, Re, Mm, Xos, Xos, Xu, Xu, Xos, Ur, Ur, Ww, Rrc, Rrc, Hh, Gd^Fdf, Xos, Hhd, Rb, Wwf, Xos, Xu, Xos, Hh, Rd, Gs^Fdw, Wwf, Hh, Gd, Rd, Rd, Rd, Gs^Fdw, Gd, Wwf, Hh, Gs^Fdw, Rd, Xu, Xu
Xu, Xos, Rrc, Ww, Ww^Bw/, Rrc, Ww, Ww^Bw\, Rrc, Ww, Ww, Ha, Xos, Xu, Xos, Ms, Ha, Aa, Ms, Ww, Ms, Aa, Ms, Ms, Xos, Xos, Xu, Xos, Xos, Ha, Aa, Ha^Fpa, Aa, Ww, Ww, Ms, Ww, Rrc, Xos, Xu, Xos, Uu, Wwf, Ww^Bsb\, Rrc, Uu, Rrc, Uu, Uu, Wwf, Xos, Xu, Xos, Uu, Tb^Tf, Rrc, Rrc, Uu, Uh, Uu, Rrc, Tb^Tf, Uh, Tb^Tf, Xos, Xos, Xu, Xos, Xos, Uu^Vud, Xos, Xos, Xu, Xu, Xos, Xos, Uu^Vu, Xos, Xos, Xos, Xos, Xu, Xu, Xos, Xos, Dd^Do, Xos, Xu, Xos, Xos, Wwf, Urb, Urb, Ur, Xu, Re, Xos, Xos, Xu, Xu, Ur, Ww, Xos, Xu, Xos, Gd, Rd, Hh, Gd, Ww, Gd, Gll^Fp, Gd^Fdf, Hh, Gs^Fds, Gd^Fdf, Xos, Ww, Ur, Ur, Xos, Xu
Xu, Xos, Ha, Rrc, Ha, Ww, Ms^Xm, Ms, Rrc, Ha, Ww, Ms, Xos, Xu, Xos, Ms, Xos, Ms, Xos, Xos, Xos, Xos, Xos, Xos, Xu, Xu, Xos, Xu, Xu, Xos, Xos, Aa^Vea, Aa, Aa^Fpa, Aa, Ww, Rrc, Rrc, Xos, Xu, Xos, Uh, Ww, Uu, Tb^Tf, Rrc, Uu, Rrc, Uu, Uh, Xos, Xu, Xu, Xos, Xos, Uu, Uh, Rrc, Rrc, Rrc, Uu, Uu, Xos, Xos, Xu, Xu, Xos, Xu, Xu, Xos, Xu, Xu, Xos, Xos, Wwg, Gd^Fetd, Rrc, Rb, Rrc, Uh, Ss, Xos, Xos, Xu, Xu, Xos, Xu, Xu, Xos, Wwf, Ss, Rrc, Xos, Xos, Xu, Xos, Xu, Xu, Xos, Xos, Urb, Ur, Xu, Xu, Xos, Gd^Fdf, Rd, Gll^Fp, Mm, Wwf, Hh, Gd, Gll^Fp, Gd^Vo, Xos, Xos, Xu, Xu, Urb, Urb, Xos, Xu
Xu, Xos, Ms^Xm, Ms^Xm, Ms^Xm, Ms^Xm, Ha, Ms^Xm, Rrc, Ms, Ww, Ha^Vhha, Xos, Xu, Xu, Xos, Xu, Xos, Xu, Xu, Xu, Xu, Xu, Xu, Xos, Xos, Ha, Xos, Xos, Xu, Xu, Xos, Xos, Ms, Aa, Wwf, Ww^Bw|, Ms, Xos, Xu, Xos, Qxu, Uu, Ww, Wwf, Qxu, Uh, Rrc, Ww^Bsb\, Ww, Wwf, Xos, Xos, Xu, Xu, Xos, Xos, Uu^Vu, Tb^Tf, Uu, Xos, Xos, Xu, Xu, Xos, Xos, Rrc, Xos, Xos, Xu, Xos, Xu, Ur, Rrc, Rrc, Wwf^Bw/r, Wwg, Rrc, Wwf, Rrc, Rb, Tb^Tf, Rb, Xos, Xos, Xu, Xu, Xu, Xos, Wwf, Tb^Tf, Rrc, Xos, Xu, Xu, Xu, Xos, Xos, Rb, Rb, Wwf, Urb, Xos, Xu, Xos, Rd, Mm, Gs^Fds, Wwf, Ww, Gd, Hh, Xos, Xos, Xu, Xu, Xos, Xos, Wwt, Rd, Xos, Xu
Xu, Xos, Ms, Ha, Ww, Ms, Rrc, Rrc, Ww, Ww, Xos, Xos, Xu, Xu, Xos, Xu, Xu, Xu, Xos, Xos, Xos, Xos, Xos, Xos, Ha, Ms, Wwf, Ww, Ww, Xos, Xos, Xu, Xu, Xos, Xos, Ha, Rrc, Ww, Ur, Xu, Xu, Xos, Xos, Tb^Tf, Wwf, Ww, Ww, Wwf, Uu, Rrc, Ww^Bsb\, Tb^Tf, Qxu, Xos, Xos, Xu, Xu, Xos, Xos, Xos, Xu, Xu, Xos, Xos, Wwf, Rrc, Xos, Rrc, Wwf, Xos, Rrc, Urb, Urb, Ur, Xu, Uh, Tb^Tf, Wwf, Sm, Wwg^Bw|r, Wwf, Wwf, Wwg, Tb^Tf, Gd^Fetd, Xos, Xos, Xu, Xos, Wwg, Rb, Rrc, Xos, Xu, Xos, Xos, Gll^Fp, Rb, Gs^Fds, Ww, Re, Hh, Xos, Xu, Xos, Rd, Gll^Fp, Ww, Gd^Fdf, Gs^Fdw, Xos, Xos, Xu, Xu, Xos, Xos, Hd, Gs^Ft, Wwt, Rd, Xos, Xu
Xu, Xos, Ww, Ww, Rrc, Ww^Bw/, Ww, Ww, Xos, Xos, Xu, Xu, Xos, Xos, Ms, Xos, Ur, Xos, Ww, Ha, Ms, Ms, Ms^Xm, Ms, Ms, Ww, Rrc, Ha, Ms, Wwf, Ww, Xos, Xos, Xu, Xu, Xos, Xu, Ur, Urb, Xos, Xos, Xu, Xu, Xos, Xos, Uh, Uu, Wwf, Qxu, Tb^Tf, Ww, Rrc, Uu, Tb^Tf, Uu^Vu, Xos, Xu, Xu, Xu, Xu, Xos, Xos, Wwf, Rrc, Xos, Rrc, Xos, Xos, Rrc, Xos, Xos, Wwf, Rrc, Xos, Xu, Xos, Xos, Rb, Ss, Rrc, Rrc, Uh, Sm, Wwf, Wwg, Ss, Xos, Xu, Xos, Wwg, Uh, Rrc, Xos, Xu, Xos, Gs^Fds, Rb, Rb, Gd^Vo, Ww, Gll^Fp, Re, Rd, Xu, Urb, Rd, Wwf, Ww, Xos, Xos, Xu, Xu, Xos, Xos, Rd, Dd, Dd, Wwf, Rd, Rd, Xos, Xu
Xu, Xos, Ww, Ms, Rrc, Ha, Xos, Xos, Xu, Xu, Xos, Xos, Ha^Vhha, Ms, Ww, Urb, Ur, Ww, Rrc, Wwf, Ww, Ms, Ms^Xm, Ha, Rrc, Ww^Bw/, Ms, Rrc, Rrc, Ms, Ww, Ms, Ha^Vhha, Xos, Xu, Xu, Xos, Urb, Rrc, Ww, Aa^Fpa, Xos, Xos, Xu, Xu, Xos, Xos, Qxu, Uh, Uu, Ww^Bsb/, Rrc, Uh, Uu, Xos, Xos, Xu, Xu, Xos, Xos, Xos, Rrc, Xos, Xos, Rrc, Wwf, Xos, Rrc, Xos, Rrc, Rrc, Xos, Rrc, Xos, Xos, Xu, Xu, Xos, Xos, Rb, Gd^Fetd, Rrc, Rrc, Tb^Tf, Wwf, Rb, Xos, Xu, Xos, Wwf, Wwg^Bw/r, Rrc, Xos, Xu, Xos, Hh, Rb, Hh, Gll^Fp, Wwf, Rd, Rd, Gs^Fds, Ur, Urb, Ww, Xos, Xos, Xu, Xu, Xos, Xos, Rd, Rd, Dd^Vda, Rd, Rd, Wwt^Bw/, Dd, Hd, Xos, Xu
Xu, Xos, Ww, Rrc, Xos, Xos, Xu, Xu, Xos, Xos, Ms^Xm, Ms, Ms, Ha, Ww^Bw/, Urb, Ur, Rrc, Ms, Rrc, Ww^Bw\, Ha, Rrc, Rrc, Ms, Ww, Ms^Xm, Ha, Ha, Rrc, Ww^Bw\, Ms, Rrc, Xos, Xos, Xu, Xos, Aa, Rrc, Ww, Wwf, Ai, Aa^Fda, Xos, Xos, Xu, Xos, Uu, Rrc, Rrc, Wwf, Uu, Xos, Xos, Xu, Xu, Xos, Xos, Rrc, Rrc, Wwf, Rrc, Xos, Rrc, Rrc, Xos, Rrc, Wwf, Xos, Wwf, Xos, Wwf, Xos, Xos, Rrc, Xos, Xos, Xu, Xu, Xos, Xos, Tb^Tf, Rrc, Rb, Wwg, Tb^Tf, Xos, Xu, Xos, Rrc, Gd^Fetd, Wwf, Xos, Xu, Xos, Gs^Fds, Re, Rb, Rb, Wwf^Bw/, Ww, Gs^Fdw, Wwf, Ur, Xos, Xos, Xu, Xu, Xos, Xos, Dd, Rd, Hd, Dd, Hd, Gs^Ft, Wwt^Bw|, Wwt, Wwf, Dd, Xos, Xu
Xu, Xos, Urb, Urb, Xu, Xu, Xos, Xos, Ms, Ms, Ha, Ms^Xm, Ha, Rrc, Ww, Xos, Xu, Xos, Ms, Ha, Ww, Rrc, Ms, Ha, Ww, Wwf, Ms^Xm, Ms, Ms, Ms, Ww, Rrc, Ms, Rrc, Xos, Xu, Xos, Aa^Fma, Ms, Rrc, Ha, Ww, Ww, Ww, Ww, Xu, Ur, Urb, Urb, Ww, Xos, Xos, Xu, Xu, Xos, Xos, Wwf, Rrc, Xos, Xos, Xos, Rrc, Rrc, Xos, Wwf, Xos, Rrc, Xos, Rrc, Rrc, Rrc, Xos, Wwf, Rrc, Xos, Rrc, Wwf, Xos, Xos, Xu, Xos, Rb, Wwf, Wwf^Bw\r, Rrc, Uh, Xos, Xu, Xos, Rrc, Uh, Wwg, Xos, Xu, Xos, Gll^Fp, Re, Gd^Fdf, Rb, Re, Gll^Fp, Ww, Xos, Xu, Xu, Xu, Xos, Xos, Dd, Dd, Wwt, Wwt^Bw|, Wwt, Dd, Wwt, Wwt, Rd, Dd, Wwt, Dd, Xos, Xu
Xu, Xos, Ur, Ur, Rrc, Xos, Ms^Xm, Ms, Ww, Ww, Wwf, Ms^Xm, Ms^Xm, Rrc, Ww, Xos, Xu, Xos, Ha^Vhha, Ha, Ha, Wwf, Ww, Ww, Ms, Ha, Xos, Ha, Xos, Xos, Xos, Ww, Urb, Urb, Xu, Xu, Xos, Aa^Fpa, Aa, Rrc, Rrc, Aa^Fpa, Aa, Ai, Ha, Wwf, Ww, Ur, Ur, Xos, Xu, Xu, Xos, Xos, Rrc, Rrc, Xos, Xos, Rrc, Rrc, Rrc, Xos, Rrc, Xos, Xos, Rrc, Xos, Xos, Wwf, Xos, Rrc, Rrc, Xos, Xos, Rrc, Xos, Xos, Rrc, Xos, Xu, Xos, Ss, Wwg, Rb, Gd^Fetd, Rrc, Xos, Xu, Xos, Rrc, Sm, Wwf, Xos, Xu, Xos, Hh, Sm, Re, Gd^Fdf, Rb, Rb, Wwf, Xos, Xu, Xos, Xos, Dd^Do, Hd, Dd, Wwf, Rd, Rd, Rd, Wwf, Dd, Hd, Rd, Dd, Wwt, Hd, Xos, Xu
Xu, Xu, Ww, Ms, Rrc, Ms, Ms^Xm, Ww, Rrc, Rrc, Rrc, Ww, Ms, Rrc, Ww, Xos, Xu, Xos, Ms, Ms, Xos, Ms, Xos, Xos, Xos, Xos, Xu, Xos, Xu, Xu, Xu, Xos, Ur, Ur, Xos, Xu, Xos, Aa, Ha, Aa, Rrc, Aa, Aa^Fma, Aa^Fpa, Aa, Aa, Ww^Bw/, Rrc, Ha, Xu, Xu, Xos, Rrc, Xos, Xos, Rrc, Wwf, Xos, Rrc, Xos, Wwf, Xos, Xos, Rrc, Wwf, Rrc, Rrc, Rrc, Xos, Xos, Rrc, Xos, Xos, Wwf, Xos, Rrc, Wwf, Rrc, Xos, Xu, Xos, Uh, Wwf, Uu^Vud, Sm, Rrc, Xos, Xu, Xos, Rrc, Rrc, Wwg, Xos, Xu, Xos, Tb^Tf, Gd^Fetd, Re, Re, Re, Wwf^Bw|r, Ww, Xos, Xu, Xos, Dd, Dd, Dd, Rr, Wwt^Bw/, Hd, Dd, Dd, Rd, Rd, Dd, Rd, Wwt, Gs^Ft, Dd, Xos, Xu
Xu, Xos, Rrc, Ww^Bw/, Ww, Ms, Ms^Xm, Ww, Ww^Bw|, Ha, Ms^Xm, Ww, Rrc, Rrc, Wwf, Xos, Xu, Xos, Xos, Xos, Xu, Xos, Xu, Xu, Xu, Xu, Xos, Xu, Xos, Xos, Xos, Xu, Ww, Rrc, Xos, Xu, Xu, Xos, Aa, Aa^Fda, Rrc, Ms, Aa, Aa^Fda, Rrc, Rrc, Wwf, Aa^Fpa, Aa, Xos, Xu, Xos, Wwf, Rrc, Rrc, Xos, Rrc, Xos, Wwf, Xos, Xos, Rrc, Rrc, Rrc, Xos, Rrc, Xos, Wwf, Xos, Rrc, Xos, Wwf, Rrc, Rrc, Xos, Rrc, Xos, Rrc, Xos, Xu, Xos, Tb^Tf, Rb, Wwf, Urb, Urb, Ur, Xu, Rb, Tb^Tf, Wwg^Bw|r, Wwf, Xos, Xu, Xos, Hh, Gd^Vo, Re, Gd^Fetd, Ww, Rb, Re, Xos, Xu, Xos, Md, Rr, Rr, Gs^Ft, Wwt, Dd, Dd, Md, Dd, Dd, Rd, Dd, Wwt, Wwt, Dd, Xos, Xu
Xu, Xos, Rrc, Ms, Wwf, Ms, Ms^Xm, Ms, Rrc, Ww, Ms^Xm, Ww^Bw/, Ww, Ww, Xos, Xos, Xu, Xu, Xu, Xu, Xos, Xu, Xos, Xos, Xos, Xos, Ha, Xos, Rrc, Ha, Ha^Fpa, Ai, Aa^Fda, Wwf^Bw|, Ww, Xos, Xu, Xos, Aa, Aa, Aa^Fpa, Rrc, Rrc, Rrc, Ha, Aa^Fma, Ww, Ms, Aa^Fpa, Xos, Xu, Xos, Rrc, Xos, Xos, Wwf, Rrc, Xos, Rrc, Rrc, Wwf, Xos, Xos, Xos, Rrc, Wwf, Xos, Rrc, Xos, Wwf, Rrc, Rrc, Xos, Xos, Rrc, Xos, Rrc, Wwf, Xos, Xu, Xu, Xos, Xos, Xos, Xu, Ur, Wwf, Rrc, Wwg^Bw\r, Wwf, Rrc, Uh, Xos, Xu, Xos, Tb^Tf, Hh, Re, Tb^Tf, Wwf, Rb, Ss, Xos, Xu, Xos, Dd, Rr, Dd, Wwt, Wwt, Wwt, Dd, Dd, Dd, Wwt, Rd, Rd, Hd, Wwf, Dd, Xos, Xu
Xu, Xos, Rrc, Ms, Ww, Ha^Vhha, Ms, Rrc, Ms, Wwf, Ms^Xm, Ms, Xos, Xos, Xu, Xu, Xos, Xos, Xos, Xos, Aa^Vaa, Xos, Ha, Ha, Ww, Aa, Rrc, Rrc, Ha, Rrc, Rrc, Aa, Ww, Wwf^Bw|r, Ha^Fpa, Xos, Xu, Xos, Xos, Ms, Aa^Fma, Aa, Rrc, Aa, Wwf, Ww, Aa^Fda, Aa, Aa, Xos, Xu, Xos, Xos, Rrc, Rrc, Xos, Xos, Xos, Rrc, Xos, Rrc, Xos, Wwf, Rrc, Xos, Xos, Rrc, Wwf, Rrc, Xos, Rrc, Xos, Wwf, Rrc, Xos, Rrc, Xos, Xos, Xu, Xu, Xos, Xu, Xu, Xu, Xu, Xos, Xos, Wwf, Rb, Rrc, Rb, Rb, Xos, Xu, Xos, Re, Ss, Re, Rb, Wwf^Bw/r, Re, Sm, Xos, Xu, Xos, Hd, Dd, Wwt^Bw\, Rr, Dd, Dd, Wwt, Wwf, Wwt, Dd, Wwt, Wwt^Bw|, Wwt, Dd, Dd, Xos, Xu
Xu, Xos, Rrc, Ha, Ms, Ww, Ww^Bw/, Rrc, Ww, Ww, Xos, Xos, Xu, Xu, Xos, Xos, Ww, Ms, Aa, Aa^Fda, Aa, Aa, Wwf, Ww, Rrc, Ai^Bw/, Ww, Ms, Wwf, Wwf, Ai, Wwf^Bw\, Rrc, Rrc, Aa, Xos, Xos, Xu, Xos, Aa, Ai, Ha, Ww^Bw|, Ww, Ha, Ai, Aa, Ms, Xos, Xos, Xu, Xos, Rrc, Wwf, Xos, Xos, Rrc, Wwf, Xos, Xos, Rrc, Xos, Rrc, Xos, Xos, Rrc, Rrc, Xos, Xos, Wwf, Xos, Rrc, Rrc, Xos, Xu, Xos, Xu, Xu, Xos, Xos, Rb, Xos, Xos, Xos, Xos, Xu, Xu, Xos, Xos, Gd^Fetd, Tb^Tf, Ss, Xos, Xu, Xos, Gd^Fetd, Re, Rb, Wwf, Ww, Hh, Ss^Vhs, Xos, Xu, Xos, Dd, Dd, Wwf, Wwt, Rr, Rr, Gs^Ft, Wwt, Hd, Dd, Dd, Rd, Dd, Dd^Do, Hd, Xos, Xu
Xu, Xos, Ms, Rrc, Rrc, Rrc, Ms, Wwf, Xos, Xos, Xu, Xu, Xos, Xos, Wwf, Ai, Aa^Fda, Wwf, Ha, Ai, Aa, Ww, Rrc, Rrc, Aa, Aa^Fda, Ha^Fda, Ww, Xos, Xos, Xos, Ms, Aa, Ha, Aa, Ha^Vhha, Xos, Xu, Xos, Aa^Fpa, Wwf, Ww, Rrc, Aa, Aa, Aa^Fpa, Xos, Xos, Xu, Xu, Xu, Xos, Wwf, Xos, Wwf, Rrc, Xos, Xos, Rrc, Wwf, Xos, Xos, Xos, Rrc, Wwf, Xos, Xos, Wwf, Rrc, Xos, Wwf, Xos, Ur, Xu, Xos, Xu, Xos, Xos, Rb, Rb, Rb, Tb^Tf, Rb, Tb^Tf, Rb, Xos, Xos, Xu, Xu, Xos, Xos, Xos, Xu, Xu, Xos, Tb^Tf, Rb, Rb, Wwf, Tb^Tf, Xos, Xos, Xu, Xu, Xu, Xos, Xos, Dd, Wwt, Md, Rr, Dd, Wwt, Dd, Dd, Md, Rd, Dd, Hd, Dd, Xos, Xu
Xu, Xos, Xos, Xos, Xos, Xos, Xos, Xos, Xu, Xu, Xu, Xos, Urb, Ww, Rrc, Rrc, Rrc, Ww, Wwf^Bw/, Rrc, Rrc, Wwf^Bw/, Aa^Fpa, Ms, Xos, Ha, Xos, Xos, Xu, Xu, Xu, Xos, Xos, Ai, Xos, Xos, Xu, Xu, Xos, Ww, Rrc, Rrc, Aa, Aa^Fpa, Xos, Xos, Xu, Xu, Xos, Xos, Xos, Ur, Ur, Rrc, Xos, Xos, Rrc, Rrc, Xos, Xos, Rrc, Wwf, Rrc, Xos, Rrc, Rrc, Xos, Xos, Xos, Rrc, Xu, Xu, Urb, Urb, Rb, Xos, Rb, Tb^Tf, Rb, Gd^Fetd, Ss, Wwf, Sm, Rb, Tb^Tf, Rb, Tb^Tf, Xos, Xos, Xu, Xu, Xu, Xu, Xos, Rb, Rb, Wwf, Ww, Xos, Xos, Xu, Xu, Xos, Xos, Xos, Xu, Xu, Dd, Gs^Ft, Wwt, Rr, Hd, Wwf, Dd, Hd, Dd, Rd, Dd, Dd, Dd, Xos, Xu
Xu, Xu, Xu, Xu, Xu, Xu, Xu, Xu, Xos, Xos, Aa^Fma, Ur, Ur, Urb, Xos, Ha, Ha^Fpa, Rrc, Aa, Ww, Ai, Ai, Xos, Xos, Xu, Xos, Xu, Xu, Xos, Xos, Xos, Xu, Xu, Xos, Xu, Xu, Xu, Xos, Ww, Ww, Rrc, Ms, Xos, Xos, Xu, Xu, Xos, Xos, Wwf, Rrc, Xos, Urb, Urb, Xu, Xu, Xos, Xos, Rrc, Wwf, Rrc, Xos, Xos, Rrc, Xos, Rrc, Xos, Rrc, Rrc, Rrc, Xos, Xu, Xos, Xos, Wwf, Wwf, Rb, Wwf, Chr, Wwf, Ss, Qxu, Qxu, Sm, Wwf, Wwf, Wwf, Wwf, Rb, Rb, Xos, Xos, Xos, Urb, Ur, Ur, Wwf, Xos, Xos, Xu, Xu, Xos, Xos, Ww, Dd^Vda, Hd, Xos, Ur, Dd, Wwt, Wwf, Wwt^Bw|, Wwt, Dd, Wwt, Wwt^Bw/, Rd, Dd, Rd, Rd, Dd, Xos, Xu
Xu, Xu, Xos, Xos, Xos, Xos, Xos, Xos, Ms, Aa, Rrc, Rrc, Ww, Xu, Xu, Xos, Xos, Xos, Xos, Xos, Xos, Xos, Xu, Xu, Xu, Xu, Xos, Xos, Rp, Ms, Ha, Xos, Xos, Xu, Xos, Xos, Urb, Ur, Ur, Rrc, Xos, Xos, Xu, Xu, Xos, Xos, Rrc, Rrc, Xos, Rrc, Xos, Rrc, Rrc, Xos, Xos, Xu, Xu, Xos, Xos, Rrc, Xos, Rrc, Xos, Wwf, Rrc, Xos, Rrc, Xos, Rrc, Xos, Xos, Xu, Xos, Rb, Tb^Tf, Wwf, Rb, Wo, Wo, Rp^Vhcr, Qxu, Chr, Tb^Tf, Rb, Ss, Gd^Fetd, Tb^Tf, Wo, Chr, Rb, Rb, Rb, Wwf, Urb, Xos, Xu, Xu, Xu, Xos, Xos, Wwf, Wwf, Hd, Wwf, Ww, Urb, Ur, Wwt, Hd, Dd, Rr, Dd, Hd, Rr, Dd, Wwt, Wwt, Gs^Ft, Hd, Rd, Xos, Xu
Xu, Xos, Ha, Ha, Aa^Fma, Aa^Fma, Aa^Vaa, Aa, Ha, Ai, Rrc, Aa^Fma, Ai, Xos, Xos, Xu, Xu, Xu, Xu, Xu, Xu, Xu, Xos, Xos, Ur, Xos, Rp, Rp, Ms, Rp, Rp, Aa^Fda, Ms, Xos, Ww, Ai, Rrc, Urb, Xos, Xu, Xu, Xu, Xos, Xos, Rrc, Xos, Xos, Wwf, Xos, Rrc, Rrc, Xos, Xos, Wwf, Rrc, Xos, Xos, Xu, Xu, Xos, Xos, Rrc, Rrc, Xos, Xos, Rrc, Wwf, Xos, Xos, Rrc, Xos, Xu, Xos, Rb, Ss, Ss, Qxu, Rb, Wwf, Rb, Rb, Rb, Qxu, Rb, Rb, Rb, Wwf, Wo, Qxu, Rb, Tb^Tf, Wwf, Xos, Xos, Xu, Xu, Xos, Xos, Ww, Ww, Rr, Rr, Rr, Dd, Rr, Urb, Ur, Dd, Dd, Dd, Rr, Dd, Rr, Rr, Hd, Dd, Dd, Wwf, Dd, Rd, Xu, Xu
Xu, Xos, Aa^Fma, Ai, Aa, Ai, Ai, Ai, Rrc, Ai, Rrc, Aa, Ww, Aa, Ai, Xos, Xos, Xos, Xos, Xos, Xos, Xos, Ai, Ai, Ur, Urb, Aa, Aa^Fpa, Ai, Aa^Fda, Ha, Rp, Ai, Ha, Ai, Aa^Fpa, Rrc, Xos, Xu, Xu, Xos, Xos, Wwf, Rrc, Xos, Wwf, Xos, Rrc, Wwf, Xos, Xos, Wwf, Rrc, Xos, Xos, Wwf, Rrc, Xos, Xos, Xu, Xu, Xos, Xos, Wwf, Rrc, Xos, Xos, Rrc, Xos, Wwf, Xos, Xu, Xos, Rb, Qxu, Qxu, Wo, Tb^Tf, Wwf, Sm, Gd^Fetd, Rb, Qxu, Rb, Rb, Tb^Tf, Wwf, Rb, Rb, Qxu, Qxu, Wwf, Xos, Xu, Xos, Xos, Dd^Do, Wwf, Rr, Rr, Md^Xm, Md^Xm, Md^Xm, Rr, Xos, Xos, Xu, Rr, Rr, Rr, Dd, Rr, Dd, Dd, Dd, Dd, Xos, Wwt, Ur, Ur, Xos, Xu
Xu, Xos, Aa, Ha^Fpa, Wwf, Ww, Rp, Ai^Bw/r, Ww, Rrc, Ha, Ha^Fda, Ai, Aa^Fma, Ha^Fpa, Aa, Aa^Fpa, Aa, Rp, Rp, Wwf^Bw\r, Ww, Rp, Rp, Xu, Urb, Ai, Ww, Aa^Fma, Ai, Ai, Ww^Bw|, Ha, Ww, Ms, Rrc, Aa^Fda, Xos, Xu, Xos, Rrc, Rrc, Xos, Xos, Rrc, Rrc, Rrc, Xos, Xos, Rrc, Xos, Xos, Rrc, Rrc, Rrc, Xos, Xos, Rrc, Wwf, Xos, Xos, Xu, Xu, Xos, Xos, Rrc, Wwf, Rrc, Xos, Rrc, Xos, Xu, Xos, Qxu^Bs|, Rb, Wo, Chr, Wwf, Qxu, Qxu, Rb, Rb, Chr, Qxu, Wwf, Wwf, Qxu, Ss, Rb, Chr, Rb, Wwf, Xos, Xu, Xos, Dd, Dd, Ww, Wwf^Bw|, Md^Xm, Dd, Dd, Hd, Md^Xm, Xos, Xu, Xos, Dd, Hd, Dd, Gs^Ft, Dd, Dd, Dd, Xos, Xos, Xu, Xu, Urb, Urb, Xos, Xu
Xu, Xos, Aa^Fma, Wwf, Ms, Rp, Ha, Ha, Ms, Wwf, Ai, Ww, Aa^Vca, Ww, Ww, Wwf, Ww^Bw/, Rp, Ai, Ww, Aa^Fpa, Rp, Xos, Xos, Xu, Xos, Xos, Ms, Ha, Aa, Aa^Fma, Rp, Rp, Ai, Ww^Bw/, Rrc, Ha, Xos, Xu, Xos, Rrc, Xos, Rrc, Xos, Rrc, Xos, Rrc, Xos, Rrc, Rrc, Xos, Wwf, Xos, Xos, Xos, Wwf, Rrc, Xos, Rrc, Rrc, Rrc, Xos, Xos, Xu, Xu, Xos, Xos, Rrc, Rrc, Rrc, Xu, Xu, Xos, Rb, Sm, Wwf, Sm, Rb, Qxu, Qxu, Wo, Rb, Rb, Rb, Wwf, Qxu, Wo, Qxu, Wwf, Rb, Sm, Wwf, Xos, Xu, Xos, Hd, Dd, Dd, Rr, Ww, Ww^Bw/, Rr, Rr, Dd, Xos, Xu, Xu, Xos, Xos, Dd, Dd^Vda, Hd, Xos, Xos, Xu, Xu, Xos, Xos, Ww, Rd, Xos, Xu
Xu, Xos, Ms, Ww, Rp, Rp, Rp, Ai, Rp, Ha, Rp, Rp, Rp, Ai, Rp, Rp, Xos, Ai, Ha^Fpa, Aa, Xos, Xos, Xu, Xu, Xos, Xu, Xu, Xos, Xos, Aa^Fpa, Ms, Ha, Aa, Rp, Ai, Aa, Aa^Fda, Xos, Xu, Xos, Wwf, Xos, Rrc, Wwf, Xos, Xos, Wwf, Xos, Rrc, Xos, Rrc, Rrc, Rrc, Rrc, Rrc, Xos, Xos, Rrc, Xos, Xos, Rrc, Wwf, Rrc, Xos, Xos, Xu, Xu, Xos, Ur, Ur, Xos, Xu, Xos, Sm, Rb, Tb^Tf, Wwf, Qxu, Wwf, Wo, Rb, Qxu, Rb, Tb^Tf, Gd^Fetd, Wwf, Wo, Wwf, Qxu, Sm, Tb^Tf, Rb, Xos, Xu, Xos, Dd, Hd, Dd, Dd, Rr, Md^Xm, Ww, Wwf, Rr, Rr, Xos, Xos, Xu, Xu, Xos, Xos, Xos, Xu, Xu, Xos, Xos, Dd, Gs^Ft, Wwf, Rd, Xos, Xu
Xu, Xos, Aa, Ww, Wwf^Bw|r, Aa, Ha^Fpa, Rp, Aa^Fma, Rp, Xos, Aa, Aa^Fma, Rp, Xos, Xos, Xu, Xos, Xos, Xos, Xu, Xu, Xos, Xos, Ms, Xos, Xos, Xu, Xu, Xos, Xos, Aa^Fda, Aa^Fma, Rp, Ai, Aa^Fma, Ms, Xos, Xu, Xos, Rrc, Rrc, Xos, Xos, Rrc, Rrc, Xos, Xos, Rrc, Wwf, Xos, Xos, Rrc, Xos, Xos, Rrc, Wwf, Xos, Rrc, Rrc, Xos, Xos, Rrc, Rrc, Rrc, Xos, Xu, Xu, Urb, Urb, Xos, Xu, Xos, Rb, Gd^Fetd, Rb, Ss, Wwf, Wwf, Gd^Fetd, Rb, Qxu, Qxu, Rb, Sm, Wwf, Tb^Tf, Rb, Chr, Qxu, Qxu, Rb, Xos, Xu, Xos, Dd, Md^Xm, Md^Xm, Md^Xm, Md^Xm, Dd, Dd, Wwf, Hd, Rr, Rr, Rr, Xos, Xos, Xu, Xu, Xu, Xos, Xos, Md, Hd, Dd, Ww, Rd, Rd, Xos, Xu
Xu, Xos, Ai, Ha, Rrc, Ai, Aa^Fpa, Aa, Xos, Xos, Xu, Xos, Xos, Xos, Xu, Xu, Xos, Xu, Xu, Xu, Xos, Xos, Ha, Aa^Fpa, Rp, Rp, Rp, Xos, Xos, Xu, Xu, Ha, Ww, Ai^Bw|, Aa^Fpa, Ha, Xos, Xos, Xu, Xos, Rrc, Xos, Wwf, Rrc, Rrc, Xos, Rrc, Rrc, Rrc, Xos, Rrc, Wwf, Rrc, Rrc, Rrc, Xos, Rrc, Rrc, Xos, Wwf, Rrc, Rrc, Xos, Xos, Wwf, Xos, Xu, Xos, Wo, Rrc, Xos, Xu, Xu, Xos, Xos, Rb, Rb, Ss, Rb, Wwf, Ss, Rb, Rb, Rb, Wwf, Rb, Rb, Rb, Ss, Ss, Qxu, Rb, Xos, Xu, Xos, Md^Xm, Rr, Rr, Ww^Bw\, Wwf, Ww, Ww, Rr, Ww^Bw/, Ww, Dd, Ww, Rr, Dd, Xos, Xu, Xos, Dd, Dd, Dd, Dd, Rd, Ww^Bw/, Dd, Dd, Xos, Xu
Xu, Xos, Rrc, Rrc, Ww, Ai, Xos, Xos, Xu, Xu, Xos, Xu, Xu, Xu, Xos, Xos, Aa^Voa, Xos, Xos, Xu, Xos, Ms, Rp, Rp, Ww, Ai, Ww, Rp, Ai, Xos, Ur, Ai, Rp, Rp, Xos, Xos, Xu, Xu, Xos, Xu, Ur, Rrc, Rrc, Xos, Xos, Rrc, Wwf, Xos, Xos, Xos, Rrc, Xos, Wwf, Xos, Rrc, Xos, Xos, Rrc, Rrc, Xos, Xos, Xos, Rrc, Rrc, Xos, Xos, Xu, Xos, Wo, Rrc, Qxu, Xos, Xos, Xu, Xu, Xos, Xos, Rb, Chr, Wwf, Qxu, Rp^Vhcr, Rb, Chr, Wwf, Qxu, Gd^Fetd, Qxu, Qxu, Rb, Chr, Qxu^Bs|, Xos, Xu, Xos, Rr, Wwf, Ww, Dd, Rr, Rr, Rr, Md^Xm, Md^Xm, Md^Xm, Wwf, Dd, Wwf^Bw|, Ww, Xos, Xu, Xos, Xos, Hd, Dd, Rd, Ww, Wwf, Dd, Hd, Xos, Xu
Xu, Xos, Rrc, Ww, Xos, Xos, Xu, Xu, Xos, Xos, Aa^Fma, Xos, Xos, Xos, Rrc, Aa, Aa, Aa^Fma, Xos, Xu, Xos, Aa^Fma, Rp, Ai, Ms, Aa^Vha, Aa^Fda, Ai^Bw|, Aa^Fma, Urb, Ur, Rp, Xos, Xos, Xu, Xu, Xos, Xos, Rb, Urb, Urb, Ur, Xu, Wwf, Rrc, Xos, Xos, Rrc, Rrc, Xos, Rrc, Xos, Rrc, Xos, Rrc, Wwf, Rrc, Xos, Xos, Rrc, Rrc, Rrc, Xos, Xos, Xu, Xu, Xos, Xos, Wo, Rrc, Ss, Qxu, Qxu, Xos, Xos, Xu, Xu, Xos, Xos, Wwf, Wo, Qxu, Wwf, Sm, Qxu, Qxu, Rb, Rb, Rb, Rb, Rb, Rb, Xos, Xu, Xu, Rr, Ww, Dd, Hd, Dd, Md^Xm, Md^Xm, Dd, Dd^Vda, Wwf, Md^Xm, Md^Xm, Rr, Wwf, Xos, Xos, Xu, Xu, Xos, Wwf, Ww^Bw|, Dd, Md, Dd, Dd^Vda, Xos, Xu
Xu, Xos, Urb, Urb, Xu, Xu, Xos, Xos, Ai, Aa^Fma, Aa, Aa^Fpa, Rrc, Rrc, Aa^Fma, Rrc, Rrc, Aa^Fpa, Xos, Xu, Xos, Ha, Rp, Ai, Aa^Fpa, Ha, Ha, Rp, Rp, Urb, Xu, Xos, Xu, Xu, Xos, Xos, Tb^Tf, Uh, Rb, Rb, Tb^Tf, Xos, Xu, Xos, Xos, Rrc, Wwf, Xos, Xos, Wwf, Xos, Xos, Wwf, Xos, Xos, Xos, Xos, Rrc, Rrc, Wwf, Xos, Xos, Xu, Xu, Xos, Xos, Wo, Wo, Ss, Rrc, Rb, Sm, Ss, Hhd^Fmf, Qxu, Xos, Xos, Xu, Xos, Rb, Wo, Wwf, Rb, Sm, Rb, Rb, Xos, Xos, Xos, Xos, Xos, Xos, Xu, Xu, Xos, Ur, Ur, Dd, Xos, Md^Xm, Dd, Hd, Ww, Ww, Rr, Ww, Wwf^Bw/, Rr, Hd, Ww, Dd, Xos, Xu, Xos, Ww, Rd, Gs^Ft, Dd, Hd, Dd, Xos, Xu
Xu, Xos, Ur, Ur, Ww, Xos, Aa^Fma, Aa, Ms, Aa, Rrc, Rrc, Aa^Fma, Ai, Ai, Ha^Fpa, Rrc, Aa^Fma, Xos, Xu, Xos, Aa^Fda, Ha, Ai^Bw\, Rp, Ha, Ms, Aa^Fma, Xos, Xos, Xu, Xu, Xos, Xos, Wwf, Tb^Tf, Sm, Sm, Rb, Wwf, Wwf, Xos, Xos, Xu, Xu, Xos, Xos, Rrc, Rrc, Xos, Rrc, Rrc, Xos, Xos, Xu, Xu, Xu, Xos, Xos, Xos, Xu, Xu, Xos, Xos, Wo, Wo, Wo, Qxu, Qxu^Bs/, Rrc, Ss, Rb, Gd^Fetd, Rb, Rb, Qxu, Xos, Xu, Xu, Rb, Wwf, Chr, Tb^Tf, Rb, Xos, Xos, Xu, Xu, Xu, Xu, Xu, Xu, Xos, Xos, Dd, Urb, Urb, Xu, Xu, Xos, Dd, Wwf, Rr, Rr, Xos, Rr, Ww, Dd, Dd, Wwf, Hd, Xos, Xu, Xos, Hd, Ww^Bw|, Ww, Wwf, Ww, Dd, Xos, Xu
Xu, Xu, Rrc, Aa^Fma, Aa, Ai, Ww, Aa, Aa, Rrc, Aa, Ha, Ww, Ww, Aa, Ww, Ww^Bsb|, Aa, Xos, Xu, Xos, Ms, Ha, Ww, Rp, Ms, Ms, Xos, Xu, Xu, Xos, Xos, Wwf, Uh, Rb, Gd^Fetd, Wwf, Rb, Tb^Tf, Sm, Uh, Tb^Tf, Rb, Xos, Xos, Xu, Xu, Xos, Xos, Wwf, Xos, Xos, Xu, Xu, Xos, Xos, Xos, Xu, Xu, Xu, Xos, Xu, Ur, Wo, Rrc, Rrc, Rrc, Rrc, Qxu, Qxu, Ww^Ewl, Qxu, Hh^Fp, Ww^Ewf, Qxu, Sm, Wo, Xos, Ur, Wwf, Rb, Rb, Xos, Xos, Xu, Xu, Xos, Xos, Xos, Xos, Xos, Xos, Hd, Hd, Wwf, Re, Re, Xos, Xu, Xos, Xos, Ww, Ur, Xu, Xu, Xos, Dd, Ww, Wwf, Ww, Dd, Xos, Xu, Xos, Dd, Rd, Rd, Dd, Md, Wwf, Xos, Xu
Xu, Xos, Aa^Fma, Rrc, Aa, Aa^Fpa, Aa^Fpa, Ww, Ww^Bsb/, Rrc, Ww, Ai, Aa^Fpa, Aa, Ms, Aa, Rrc, Ww, Xos, Xu, Xos, Aa^Fpa, Ha, Ai, Rp, Ha, Xos, Xos, Xu, Xos, Ss^Vhs, Rb, Sm, Sm, Tb^Tf, Qxu, Rb, Wwf, Rb, Rb, Qxu, Rb, Qxu, Gd^Fetd, Tb^Tf, Xos, Xos, Xu, Xu, Xos, Xu, Xu, Xos, Xos, Wo, Wo, Wwf, Xos, Xos, Xos, Wwf, Urb, Urb, Ur, Xu, Gd^Fetd, Rd, Qxu, Qxu, Qxu, Qxu, Rb, Rb, Qxu, Uu^Vud, Rb, Rb, Urb, Ur, Rb, Xos, Xos, Xu, Xu, Xos, Xos, Re, Dd, Re, Re, Re, Dd, Re, Dd, Re, Dd, Re, Xos, Xos, Xu, Xu, Ur, Urb, Xos, Xu, Xos, Xos, Dd, Dd, Dd, Hd, Xos, Xu, Xos, Dd, Dd, Gs^Ft, Rd, Dd, Ww, Xu, Xu
Xu, Xos, Aa, Rrc, Rrc, Ai, Rrc, Rrc, Ha^Fda, Ww, Aa^Fma, Aa^Fpa, Xos, Xos, Xos, Aa^Fma, Rrc, Ww, Xos, Xu, Xos, Ha, Aa^Vha, Ai, Rp, Aa^Fpa, Xos, Xu, Xos, Xos, Rb, Sm, Rb, Tb^Tf, Uh, Rb, Ss, Wwf, Rb, Qxu, Ss^Vhs, Uh, Qxu, Rb, Rb, Rb, Uh, Xos, Xos, Xu, Xos, Xos, Wo, Wo, Rb, Rb, Uh, Wo, Wwf, Wo, Rrc, Rrc, Xos, Xos, Xu, Xos, Qxu, Rd, Xos, Xos, Xos, Gd^Fetd, Sm, Qxu, Gd^Fetd, Ww^Ewl, Xos, Urb, Xu, Xos, Xu, Xu, Xos, Xos, Re, Re, Gs^Ft, Re, Hd, Dd^Do, Md, Re, Wwf, Re, Hd, Re, Re, Dd, Xos, Xu, Xos, Urb, Rr, Xos, Xos, Xu, Xu, Xos, Xos, Dd, Dd^Do, Xos, Xu, Xos, Dd^Do, Hd, Xos, Rd, Ur, Ur, Xos, Xu
Xu, Xos, Aa, Ms, Ai, Rrc, Aa^Fpa, Aa, Xos, Aa^Fma, Xos, Xos, Xu, Xu, Xu, Xos, Urb, Ai, Xos, Xu, Xos, Aa^Fpa, Rp, Ai^Bw/, Xos, Xos, Xu, Xu, Xos, Gd^Fetd, Sm, Uh, Qxu, Gd^Fetd, Wwf, Qxu, Rb, Rb, Rb, Ss, Rb, Gd^Fetd, Rb, Qxu, Rb, Sm, Rb, Tb^Tf, Xos, Xu, Xos, Wo, Tb^Tf, Gd^Fetd, Rrc, Rrc, Rrc, Rb, Rrc, Rrc, Rb, Uh, Xos, Xu, Xu, Xos, Urb, Rd, Xos, Xu, Xu, Xos, Xos, Tb^Tf, Xos, Xos, Xu, Xos, Xu, Xu, Xu, Xos, Dd, Re, Dd, Dd, Ww, Wwf, Wwg, Wwf, Re, Re, Dd, Re, Gs^Ft, Hd, Re, Dd, Xos, Xu, Xos, Ww, Gll^Fp, Rr, Rr, Xos, Xos, Xu, Xu, Xos, Xos, Xos, Xu, Xos, Xos, Xos, Xu, Xu, Urb, Urb, Xos, Xu
Xu, Xos, Aa^Fpa, Aa, Aa^Fma, Aa, Xos, Xos, Xu, Xos, Xu, Xu, Xos, Xos, Xos, Xu, Ur, Urb, Xos, Xu, Xos, Rp, Ai, Ww, Xos, Xu, Xos, Xos, Rb, Sm, Qxu, Tb^Tf, Rb, Wwf, Tb^Tf, Rb, Ss, Qxu, Rb, Rb, Qxu, Rb, Qxu, Qxu, Gd^Fetd, Sm, Rb, Tb^Tf, Xos, Xu, Xos, Wwf, Ss, Rrc, Rb, Hh^Fp, Rb, Rrc, Rb, Rb, Gd^Fetd, Rb, Xos, Xu, Xos, Ur, Ur, Urb, Xos, Xu, Uu, Xu, Xu, Xos, Xu, Xu, Uu, Xu, Uh, Uu, Xu, Xos, Ur, Re, Ww, Ww, Dd, Re, Wwf, Dd, Rr, Rr, Rr, Re, Dd^Do, Dd, Re, Dd, Xos, Xu, Xos, Wwg, Ww, Hhd, Rr, Gs^Fds, Hhd, Xos, Xos, Xu, Xu, Xu, Xu, Xu, Xu, Xu, Xos, Xos, Rd, Ww, Xos, Xu
Xu, Xos, Xos, Aa^Voa, Xos, Xos, Xu, Xu, Xos, Xu, Xos, Xos, Ai, Ww, Ww, Ww, Rrc, Ur, Xu, Xu, Xos, Rp, Ur, Xu, Xu, Xu, Xos, Uh, Tb^Tf, Rb, Rb, Rb, Tb^Tf, Rb, Ss, Rb, Tb^Tf, Tb^Tf, Gd^Fetd, Ss, Rb, Tb^Tf, Wwf, Rb, Wwf, Sm, Xos, Xos, Xu, Xu, Xos, Wwf, Wwf, Wwf^Bw|r, Wwf, 9 Rb, Rb, Rp^Vhcr, Uh, Rb, Wo, Wo, Xos, Xu, Xos, Hh, Rb, Xu, Xu, Xu, Uu, Tb^Tf, Uh, Xu, Uu, Uu, Ur, Ur, Tb^Tf, Uu, Xu, Xu, Ur, Re, Ww, Re, Dd, Md, Rr, Wwf^Bw/, Wwf, Hd, Re, Rr, Dd, Dd, Re, Dd, Xos, Xu, Xos, Gll^Fp, Ww, Mm, Gd, Rr, Gs^Fdw, Gll^Fp, Hhd, Xos, Xos, Xu, Xu, Xu, Xos, Xos, Dd, Hd, Rd, Ww, Xos, Xu
Xu, Xu, Xu, Xos, Xu, Xu, Xos, Xos, Aa^Fpa, Xos, Ww, Ai, Aa, Aa^Fma, Ai, Aa^Fpa, Rrc, Ms, Xos, Xu, Xu, Ur, Urb, Xos, Xu, Xos, Uh, Sm, Qxu, Qxu, Rb, Ss, Rb, Rb, Rb, Rb, Sm, Sm, Rb, Uh, Ss, Rb, Qxu, Wwf, Xos, Xos, Xu, Xu, Xu, Xos, Wwf, Wwf, Rrc, Rrc, Xos, Wwf, Wwf, Rb, Wo, Wo, Xos, Xos, Xu, Xu, Xos, Hh, Rb, Xos, Xos, Xu, Xu, Uh, Uu, Ur, Ur, Ur, Uu, Uh, Xu, Xu, Xos, Xos, Urb, Ur, Ur, Rr, Rr, Dd, Rr, Gs^Ft, Dd, Wwg, Dd, Rr, Re, Re, Re, Dd, Xos, Xu, Xos, Gd, Gd, Ww, Wwg, Rr, Ww, Ww, Ww, Gs^Fds, Hh^Fp, Xos, Xu, Xos, Dd^Do, Hd, Dd, Dd, Ww^Bw|, Ww, Xos, Xu
Xu, Xu, Xos, Xu, Xos, Xos, Aa, Aa^Fpa, Rrc, Aa^Fma, Ww, Aa^Fda, Ms, Aa^Fpa, Rrc, Rrc, Xos, Xos, Xu, Xu, Xos, Urb, Ai, Xos, Xu, Xos, Rb, Sm, Wwf, Rb, Qxu, Uh, Wwf, Ss, Rb, Sm, Uh, Ss, Ss, Ss, Rb, Rb, Rb, Tb^Tf, Xos, Xu, Xos, Xos, Urb, Ur, Ur, Rrc, Xos, Xos, Xu, Xos, Xos, Wo, Xos, Xos, Xu, Xu, Xos, Xos, Hhd, Mm, Wwf, Rb, Mm, Xos, Xos, Xu, Xu, Tb^Tf, Uu, Ur, Xu, Xu, Xos, Xos, Gd, Gd, Wwf, Urb, Xos, Xu, Xos, Rr, Re, Hd, Md, Wwf, Dd, Rr, Wwf, Hd, Hd, Re, Xos, Xu, Xos, Hhd, Gll^Fp, Mm, Gd, Ww^Bw|, Hhd, Gd^Fdf, Hhd, Wwg, Gd, Xos, Xu, Xos, Dd, Md, Ww, Ww, Rd, Gs^Ft, Xos, Xu
Xu, Xos, Aa^Vca, Xos, Aa^Fpa, Aa^Fma, Rrc, Rrc, Aa, Rrc, Ww^Bsb\, Ha, Rrc, Rrc, Xos, Xos, Xu, Xu, Xos, Xos, Ha, Rp, Ai, Xos, Xu, Xos, Xos, Rb, Tb^Tf, Wwf, Ss, Wwf, Gd^Fetd, Rb, Qxu, Wwf, Wwf, Tb^Tf, Qxu, Rb, Sm, Uh, Xos, Xos, Xu, Xu, Xos, Wwf, Rrc, Urb, Xos, Xu, Xu, Xu, Xu, Xu, Xu, Xos, Xu, Xu, Xos, Xos, Mm, Wwf, Rb, Hh, Wwf, Hh, Hhd, Wwf, Rb, Xos, Xos, Xu, Ur, Xu, Xos, Xos, Wwf, Hh, Wwf, Wwf, Gs^Vht, Rr, Xos, Xu, Xu, Xos, Xos, Re, Dd, Wwf, Wwf, Wwf^Bw|, Dd, Wwg, Re, Re, Xos, Xu, Xos, Gd, Hh^Fp, Gd, Rr, Rr, Rr, Gll^Fp, Gd, Ww, Gs^Fds, Xos, Xu, Xos, Gs^Ft, Dd, Ww, Dd, Rd, Dd, Xos, Xu
Xu, Xos, Aa, Aa, Ha, Rrc, Aa, Ms, Ha, Aa^Fpa, Ai, Rrc, Xos, Xos, Xu, Xu, Xos, Xos, Aa, Aa^Fpa, Ai, Ai^Bw|, Aa^Fpa, Xos, Xos, Xu, Xu, Xos, Xos, Rb, Rb, Rb, Ss, Rb, Ss, Rb, Tb^Tf, Tb^Tf, Rb, Rb, Sm, Tb^Tf, Xos, Xu, Xos, Xos, Wwf, Wwf, Rrc, Xos, Xos, Xu, Xu, Xu, Xu, Xu, Xu, Xu, Xos, Xos, Rb, Rb, Hh, Wwf, Hhd, Mm, Rb, Wwf, Rb, Mm, Rb, Hh, Urb, Xos, Ur, Xos, Ww, Ww, Gd^Gvs, Wwf, Mm, Gs^Fds, Gd, Rr, Gd^Gvs, Xos, Xos, Xu, Xos, Dd, Dd, Md, Rr, Rr, Dd, Wwg, Dd, Dd, Xos, Xu, Xos, Gs^Fds, Gd, Rr, Gd, Gll^Fp, Gd, Rr, Mm, Wwg, Hhd, Xos, Xu, Xos, Hd, Dd, Ww^Bw/, Rd, Dd, Hd, Xos, Xu
Xu, Xos, Aa^Fpa, Aa, Ai, Ww^Bsb|, Ww, Aa, Ww, Ww, Xos, Xos, Xu, Xu, Xos, Xos, Aa, Aa^Fma, Ha, Ww, Aa^Vaa, Rp, Aa, Aa^Fma, Aa, Xos, Xos, Xu, Xos, Tb^Tf, Wwf, Qxu, Qxu, Rb, Ss, Rb, Qxu, Ss, Uh, Qxu, Rb, Tb^Tf, Xos, Xu, Xos, Wwf, Ss, Rb, Rrc, Rb, Ss, Xos, Xos, Xu, Xu, Xu, Xos, Xos, Rb, Wwf, Hhd, Mm, Rb, Rb, Wwf, Hhd, Rb, Hh, Mm, Rb, Xos, Urb, Ur, Ur, Wwf, Wwf, Gd^Gvs, Gd^Gvs, Gs^Fds, Gd^Gvs, Gd, Gd, Ce, Rr, Ce, Gd^Gvs, Xos, Xu, Xos, Dd, Re, Re, Rr, Dd, Re, Wwf, Re, Gs^Ft, Xos, Xu, Xos, Mm, Gd, Rr, Gs^Fdw, Hhd, Hh^Fp, Rr, Ww^Bw\, Ww, Hh^Fp, Xos, Xu, Xos, Ur, Rd, Gs^Ft, Ww, Hd, Dd^Do, Xos, Xu
Xu, Xos, Aa^Fpa, Ww, Aa, Rrc, Rrc, Ai, Aa^Fpa, Aa^Fpa, Xos, Xu, Xos, Xos, Ha, Aa^Fda, Ms, Aa, Aa^Fda, Ai, Rp, Rp, Aa, Ms, Aa, Aa^Fpa, Xos, Xu, Xos, Wwf, Rb, Qxu, Rb, Qxu, Rb, Rb, Tb^Tf, Rb, Qxu, Rb, Ss, Tb^Tf, Xos, Xu, Xos, Wwf, Rb, Tb^Tf, Rrc, Rb, Wwf, Rb, Rb, Xos, Xos, Xu, Xos, Rb, Mm, Rb, Hh, Mm, Rb, Wwf, Rb, Hh, Wwf, Wwf, Xos, Xos, Xu, Xu, Hh, Gd, Ww, Hhd^Fdw, Gd, Hh, Hh, Gd^Gvs, Gd, Hhd^Fdw, Ww, Ww^Bw|, Ww, Gd^Gvs, Xu, Xu, Xu, Xos, Re, Dd, Dd, Rr, Dd, Wwf, Xos, Xos, Xu, Xu, Xos, Gd, Hhd, Rr, Ww, Ww, Ww, Wwg, Ww, Rb, Rb, Xos, Ur, Ur, Ur, Rd, Rd, Ww, Dd, Md, Xos, Xu
Xu, Xos, Ha, Ai, Aa^Fpa, Ha, Rrc, Aa, Ha, Ai, Xos, Xu, Xos, Aa^Fpa, Aa, Aa, Rp, Aa, Rp, Ai^Bw/, Ww, Aa^Fpa, Aa, Aa, Aa, Aa^Fma, Xos, Xu, Xos, Wwf, Qxu, Tb^Tf, Tb^Tf, Uh, Rb, Ss, Rb, Gd^Fetd, Uh, Tb^Tf, Rb, Gd^Fetd, Xos, Xu, Xos, Wwf, Wwf, Rb, Rrc, Rb, Ss, Gd^Fetd, Rb, Ss, Xos, Xu, Xos, Rb, Rb, Wwf, Rb, Wwf, Hhd, Hh^Vhh, Mm, Rb, Xos, Xos, Xu, Xu, Xos, Xos, Gd, Gd, Mm, Ww, Gs^Fds, Mm, Gd, Gs^Fds, Ww, Ww, Xos, Rr, Ur, Ur, Urb, Xos, Xu, Xos, Re, Dd^Vdt, Dd, Rr, Md, Wwf, Xos, Xu, Xos, Xos, Gd, Gd^Fdf, Wwg, Ww^Bw|, Gd, Gs^Fds, Hhd, Gs^Fdw, Xos, Ww, Ur, Ur, Ur, Ur, Xos, Dd, Hd, Ww^Bw\, Rd, Dd, Xos, Xu
Xu, Xos, Aa^Fpa, Ww, Ww, Aa^Fpa, Rrc, Aa, Ha, Aa, Xos, Xu, Xos, Ms, Rp, Rp, Aa^Fpa, Rp, Ha, Aa, Aa^Fpa, Ai, Aa, Ha, Aa, Aa^Fda, Xos, Xu, Xos, Rb, Wwf, Wwf, Ss, Qxu, Sm, Rb, Qxu, Rb, Ss, Tb^Tf, Uh, Xos, Xu, Xu, Xos, Tb^Tf, Rb, Wwf, Wwf, Rrc, Wwf^Bw\r, Wwf, Wwf, Wwf, Xos, Xu, Xu, Xos, Xos, Mm, Wwf, Rb, Wwf, Rb, Xos, Xos, Xu, Xu, Xu, Xos, Hh, Hh, Gd^Gvs, Gs^Fds, Gd, Wwf, Ww, Ww, Ww, Wwf, Hh, Xos, Xu, Xu, Xos, Urb, Ww, Xos, Xu, Xos, Xos, Re, Gs^Ft, Rr, Dd, Wwg, Xos, Xu, Xos, Mm, Hh^Fp, Ww, Rr, Rr, Gs^Fdw, Gll^Fp, Xos, Xos, Xu, Xu, Ur, Ur, Xos, Xu, Xu, Xos, Xos, Ww, Ww, Rd, Xos, Xu
Xu, Xos, Aa^Fpa, Ha^Fda, Rrc, Ww^Bsb/, Ai, Aa, Ai, Aa^Fpa, Xos, Xu, Xos, Aa^Fma, Rp, Aa^Fda, Aa, Aa, Ai, Aa, Ww, Ai, Ha, Aa, Ms, Aa^Fpa, Xos, Xu, Xos, Rb, Tb^Tf, Wwf, Gd^Fetd, Ss^Vhs, Rb, Tb^Tf, Qxu, Rb, Rb, Rb, Xos, Xos, Xu, Xos, Rb, Wwf, Rb, Ss, Rb, Wwf, Rb, Rrc, Rrc, Wwf, Wwf, Xos, Xos, Xu, Xu, Xos, Xos, Rb, Urb, Urb, Xu, Xu, Xu, Xu, Xu, Xos, Xos, Gd^Gvs, Gd^Gvs, Gd, Gs^Vht, Gd, Gd^Gvs, Hhd^Fdw, Gd^Gvs, Gd^Gvs, Xos, Xos, Xu, Xu, Xos, Rr, Ww, Xos, Xos, Xu, Xu, Xos, Xos, Rr, Urb, Urb, Xu, Xu, Xos, Gd, Rr, Ww^Bw/, Gd^Fdf, Hhd, Xos, Xos, Xu, Xu, Xos, Xos, Wwg, Rb, Rb, Xos, Xos, Xu, Xu, Xos, Ww, Rd, Xos, Xu
Xu, Xos, Rrc, Rrc, Aa^Fpa, Aa, Ww, Aa, Aa, Aa^Fpa, Xos, Xu, Xos, Ha, Rp, Ms, Ww, Ai, Aa, Ai, Aa^Fda, Aa, Xos, Aa, Xos, Xos, Xu, Xu, Xu, Xos, Xos, Wwf, Rb, Qxu, Rb, Tb^Tf, Rb, Rb, Tb^Tf, Rb, Xos, Xu, Xu, Xos, Wwf, Rb, Hh, Mm, Rb, Rb, Gd^Fetd, Rb, Rb, Rrc, Rrc, Wwf, Wwf, Xos, Xu, Xu, Xu, Xos, Ur, Ur, Xos, Xu, Xu, Xu, Xu, Xu, Xu, Xos, Xos, Hhd^Fdw, Gd^Gvs, Gs^Fds, Hh, Gd^Gvs, Xos, Xos, Xu, Xu, Xos, Xos, Gll^Fp, Rr, Ww, Gll^Fp, Gll^Fp, Xos, Xos, Xu, Xu, Xos, Ur, Ur, Ww, Xos, Rr, Rr, Ww, Ww, Gd, Xos, Xu, Xu, Xos, Xos, Gll^Fp, Gll^Fp, Ww, Hh^Fp, Gll^Fp, Rb, Gll^Fp, Xos, Xu, Xos, Ww, Rd, Xos, Xu
Xu, Xos, Urb, Aa, Ww, Ai, Aa^Fpa, Aa, Ha^Fpa, Aa, Xos, Xu, Xos, Aa^Fpa, Ai^Bw|, Ai, Aa^Fpa, Aa^Vaa, Aa^Fma, Ha, Xos, Xos, Xu, Xos, Xu, Xu, Xos, Xos, Xos, Xu, Xu, Xos, Xos, Rb, Uh, Sm, Sm, Ss, Qxu, Rb, Rb, Xos, Ur, Urb, Rb, Rb, Rb, Rb, Mm, Rb, Rb, Ss, Rb, Rb, Tb^Tf, Rrc, Ww, Xos, Xu, Xu, Xu, Xu, Gll^Fp, Gg, Gg, Xos, Xos, Xos, Xos, Xos, Xos, Xu, Xu, Xos, Xos, Hh, Xos, Xos, Xu, Xu, Xos, Xos, Gll^Fp, Gll^Fp, Gg, Rr, Ww, Gll^Fp, Gll^Fp, Gll^Fp, Gll^Fp, Xos, Xu, Xu, Gd, Rr, Rr, Ww^Bw/, Ww, Wwg, Hhd, Gll^Fp, Hhd, Xos, Xu, Xos, Gll^Fp, Gll^Fp, Rb, Hh^Fp, Rb, Ww, Wwf^Bw/, Rb, Hh^Fp, Xos, Xu, Xos, Ww, Rd, Xos, Xu
Xu, Xu, Ur, Urb, Xos, Xos, Xos, Aa^Fpa, Aa^Fpa, Aa, Xos, Xu, Xos, Ai, Rp, Ha, Xos, Xos, Xos, Xos, Xu, Xu, Xos, Xu, Xos, Xos, Ww^Ewl, Gg^Gvs, Rp, Xos, Xos, Xu, Xu, Xos, Xos, Rb, Tb^Tf, Rb, Wwf, Rb, Wwf, Rb, Ur, Urb, Tb^Tf, Gd^Fetd, Rb, Rb, Rb, Hh, Rb, Rb, Tb^Tf, Rb, Wog, Ww^Bw|r, Wwf, Xos, Xos, Xu, Xu, Xos, Xos, Gll^Fp, Gg, Gll^Fp, Gll^Fp, Gll^Fp, Ww, Ww, Ww, Xos, Xos, Xu, Xu, Xos, Xu, Xu, Xos, Xos, Gll^Fp, Gll^Fp, Gg, Gg, Gll^Fp, Rr, Ww, Gg, Gg, Gg^Ve, Gll^Fp, Xos, Xu, Xos, Xos, Mm, Hhd, Gd, Gll^Fp, Gd, Gs^Fdw, Gd, Xos, Xos, Xu, Xos, Rb, Rb, Gll^Fp, Rb, Gll^Fp, Rb, Wwf, Gll^Fp, Gll^Fp, Xos, Xu, Xos, Ww, Rd, Xos, Xu
Xu, Xos, Rrc, Ur, Xu, Xu, Xu, Xos, Xos, Aa^Vca, Xos, Xu, Xos, Ww, Rp, Aa, Xu, Xu, Xu, Xu, Xos, Xos, Hh, Xos, Wwf, Ww, Rp, Ww^Bw/, Ww, Rp, Rp, Xos, Xos, Xu, Xu, Xos, Xos, Tb^Tf, Rb, Wwf, Rb, Rb, Xu, Xos, Xos, Ss, Rb, Tb^Tf, Ss, Rb, Xos, Rb, Qxu^Bs\, Qxu, Wog, Rrc, Rrc, Wwf, Wwf, Xos, Xos, Xu, Xos, Gll^Fp, Gg, Gll^Fp, Ww, Ww, Rr, Rr, Rr, Ww, Ww, Xos, Xos, Xu, Xos, Xos, Gll^Fp, Gll^Fp, Gg^Ve, Gg, Gll^Fp, Gll^Fp, Ww, Ww^Bw|, Gll^Fp, Ww, Ww, Gg, Gll^Fp, Xos, Xu, Xu, Xu, Xos, Xos, Gd^Fdf, Xos, Xos, Xos, Xos, Xu, Xu, Xos, Xos, Rb, Hh^Fp, Gll^Fp, Gg^Ve, Gll^Fp, Rb, Wwf, Gll^Fp, Gll^Fp, Xos, Xu, Xos, Ww, Rd, Xu, Xu
Xu, Xos, Rrc, Ww, Ww, Xos, Xos, Xu, Xu, Xos, Xu, Xu, Xos, Ai, Ur, Ur, Urb, Xos, Xos, Xos, Rp, Hh, Ww, Ww, Rp, Rp, Gg, Ch, Gg^Gvs, Ww, Rp, Gg^Gvs, Gg^Gvs, Xos, Xos, Xu, Xu, Xos, Xos, Uh, Xos, Xos, Xu, Xu, Xu, Xos, Xos, Rb, Xos, Xos, Xu, Xos, Xos, Rr^Vhc, Xos, Xos, Xos, Rrc, Rrc, Wwf, Xos, Xu, Xos, Gll^Fp, Gg, Ww, Rr, Rr, Gll^Fp, Gll^Fp, Gll^Fp, Rr, Urb, Urb, Ur, Xu, Xos, Gll^Fp, Gll^Fp, Gll^Fp, Gg, Gg, Gll^Fp, Ww, Rr, Rr, Gll^Fp, Gll^Fp, Ww, Gg, Gll^Fp, Xos, Xu, Xu, Xu, Xu, Xu, Xos, Xu, Xu, Xu, Xu, Xu, Xos, Gll^Fp, Rb, Gll^Fp, Gll^Fp, Wwg, Gll^Fp, Ww, Ww^Bw|, Gll^Fp, Gll^Fp, Hh^Fp, Xos, Xu, Xos, Ur, Ur, Xos, Xu
Xu, Xos, Rrc, Aa^Fpa, Ai, Ai, Ww, Xos, Xos, Xu, Xos, Xu, Xu, Xu, Xos, Urb, Ch, Rp, Rp, Rp, Ch, Ww^Bw\, Rp, Rp, Gg^Gvs, Gg^Gvs, Mm^Xm, Mm^Xm, Mm^Xm, Ww, Rp, Gg^Wm, Gg^Gvs, Gg^Gvs, Gg^Gvs, Xos, Xos, Xu, Xu, Xos, Xu, Xu, Xos, Xos, Xos, Xu, Xu, Xos, Xu, Xu, Xos, Xu, Xu, Xos, Xu, Xu, Xos, Wwf, Rrc, Wwf, Xuc, Xu, Xos, Gll^Fp, Gg, Ww, Rr, Gll^Fp, Gll^Fp, Gg^Fet, Xos, Xos, Xu, Ur, Ww, Xos, Gll^Fp, Gll^Fp, Gll^Fp, Gg, Gll^Fp, Gll^Fp, Rr, Ww^Bw/, Gll^Fp, Gll^Fp, Gg^Fet, Gll^Fp, Ww, Gg, Gll^Fp, Xos, Xu, Xu, Xos, Xos, Xos, Xu, Xos, Xos, Xos, Xu, Xu, Xos, Rb, Rb, Wwg^Bw\, Wwg, Gll^Fp, Ww, Gll^Fp, Rb, Gll^Fp, Gll^Fp, Xos, Xos, Xu, Xu, Urb, Urb, Xos, Xu
Xu, Xos, Rrc, Aa, Aa^Fma, Aa^Fpa, Ai, Aa^Fpa, Aa, Xos, Aa^Vla, Xos, Xos, Xu, Xos, Ww, Ww, Gg, Gll^Fp, Gg^Gvs, Ww, Ww, Gg^Wm, Gg^Gvs, Mm^Xm, Mm^Xm, Hh, Hh, Ww^Ewf, Ww, Ww^Bw|, Gg^Gvs, Ww, Gs^Vh, Gg^Gvs, Gll^Fp, Xos, Xu, Xu, Xu, Xos, Xos, Rp, Gg^Gvs, Gs^Fds, Xos, Xu, Xu, Xos, Xos, Gg^Gvs, Xos, Xos, Xu, Xos, Xu, Xu, Xos, Ur, Ur, Xos, Xu, Xos, Gll^Fp, Gll^Fp, Gg, Rr, Ww, Xos, Xos, Xu, Xu, Xos, Rr, Rr, Ww, Ww, Gll^Fp, Gll^Fp, Gg, Rr, Rr, Gll^Fp, Ww, Gll^Fp, Gg^Fet, Gg^Fet, Gll^Fp, Ww, Gg, Gll^Fp, Xos, Xu, Xos, Gll^Fp, Gll^Fp, Gll^Fp, Xos, Gll^Fp, Hh^Fp, Rb, Xos, Xos, Xu, Ur, Gll^Fp, Wwg, Rb, Rb, Hh^Fp, Rb, Rb, Xos, Xos, Xu, Xu, Xos, Xos, Wwf, Rd, Xos, Xu
Xu, Xos, Aa^Fpa, Rrc, Rrc, Aa, Ww, Aa, Aa^Fma, Aa^Fpa, Ms, Aa, Xos, Xu, Xos, Hh, Gg, Ww, Ww^Ewf, Wwf, Gg^Gvs, Gg^Gvs, Mm^Xm, Mm^Xm, Gll^Fp, Gs^Fds, Ww, Wwf, Gs^Fds, Gll^Fp, Rp, Ww^Ewl, Gll^Fp, Gg^Gvs, Xos, Xos, Xu, Xu, Xos, Xos, Rp, Rp, Gg^Gvs, Rp, Wwf^Bw\, Wwf, Ur, Xos, Gs^Fds, Gg^Gvs, Gg^Gvs, Gg^Gvs, Gg^Gvs, Xos, Dd^Do, Xos, Xu, Xuc, Urb, Urb, Xos, Xu, Xos, Gll^Fp, Xos, Gll^Fp, Rr, Ww, Xos, Xu, Xos, Xos, Gll^Fp, Gll^Fp, Rr, Gg, Gg, Ww, Ww, Ch, Ww^Bw|, Ch, Ww, Ww, Ww, Gll^Fp, Gll^Fp, Gll^Fp, Ww, Gg, Gll^Fp, Xos, Xu, Xos, Gll^Fp, Gg^Ve, Gg, Gg, Rb, Rb, Gll^Fp, Rb, Rb, Urb, Urb, Ur, Xu, Gll^Fp, Gg^Ve, Rb, Xos, Xos, Xu, Xu, Xos, Xos, Dd^Do, Hd, Ww^Bw/, Rd, Xos, Xu
Xu, Xos, Ai, Ha^Fpa, Aa, Rrc, Ww^Bsb\, Aa, Rrc, Aa^Fpa, Aa, Aa, Xos, Xu, Xos, Hh, Gg^Gvs, Gs^Vh, Gg^Gvs, Gg^Gvs, Mm^Xm, Mm^Xm, Gg^Gvs, Gg^Gvs, Ww, Ww, Gll^Fp, Gg^Gvs, Rp, Rp, Mm^Xm, Gll^Fp, Mm^Xm, Mm^Xm, Xos, Xu, Xos, Xos, Gs^Fds, Rp, Gg^Gvs, Gg^Gvs, Wwf, Wwf, Rp, Rp, Ur, Urb, Wwf, Gg^Gvs, Rp, Gg^Wm, Gg^Gvs, Gg^Gvs, Xos, Xos, Xu, Xos, Rrc, Wwf, Xos, Xu, Xu, Xos, Xu, Xu, Ur, Ww, Xos, Xu, Xos, Gll^Fp, Gg^Fet, Gll^Fp, Rr, Gll^Fp, Gll^Fp, Gg, Gg, Ww, Rr, Ww, Gll^Fp, Gll^Fp, Gll^Fp, Ww, Ww, Ww, Gg, Gg, Wwf, Xos, Xu, Xos, Gll^Fp, Gll^Fp, Gll^Fp, Gll^Fp, Ww^Bw|, Ww, Ww, Gll^Fp, Rb, Wwf, Hh^Fp, Xos, Xu, Xos, Xos, Xos, Xu, Xu, Xos, Xos, Wwf, Md, Rd, Rd, Ww, Dd, Xos, Xu
Xu, Xos, Aa^Fma, Aa^Fpa, Ai, Ww, Aa^Fma, Rrc, Aa, Rrc, Rrc, Aa^Fpa, Xos, Xu, Xos, Mm^Xm, Mm^Xm, Gg^Gvs, Gll^Fp, Gg^Gvs, Mm^Xm, Gll^Fp, Rp, Rp, Ww^Bw\, Ch, Rp, Rp, Mm^Xm, Mm^Xm, Hh^Fp, Mm^Xm, Gs^Fdw, Mm^Xm, Xos, Xu, Xos, Gg^Gvs, Rp, Rp, Gg^Wm, Gg^Gvs, Wwf, Gg^Gvs, Gg^Wm, Gg^Gvs, Xu, Urb, Rp, Wwf^Bw/, Wwf, Gg^Gvs, Hh, Xos, Xu, Xu, Xos, Xos, Rrc, Wwf, Wwf, Xos, Xos, Xu, Xos, Xos, Urb, Ur, Xu, Xu, Xos, Gll^Fp, Gll^Fp, Gll^Fp, Rr, Gll^Fp, Gll^Fp, Gll^Fp, Gll^Fp, Gg, Rr, Gll^Fp, Gg, Gg, Gg, Gll^Fp, Gll^Fp, Gg, Gg, Gg, Gg, Xos, Xu, Xos, Xos, Hh^Fp, Gll^Fp, Ww, Rb, Gll^Fp, Gll^Fp, Wwf, Wwf, Wwf^Bw\, Rb, Xos, Xu, Xu, Xu, Xu, Xos, Xos, Ww, Ww, Rd, Ww^Bw/, Ww, Wwf, Dd, Hd, Xos, Xu
Xu, Xos, Aa^Fma, Aa^Fpa, Ai, Aa^Fpa, Ha^Fpa, Aa, Ms, Ha^Fda, Rrc, Aa^Fma, Xos, Xu, Xos, Mm^Xm, Gg^Gvs, Mm^Xm, Mm^Xm, Mm^Xm, Rp, Rp, Ww^Ewl, Wwf, Gg^Gvs, Rp, Mm^Xm, Mm^Xm, Gg^Gvs, Hh, Ww, Gd^Fdf, Gll^Fp, Gd^Fdf, Xos, Xu, Xos, Gg^Gvs, Rp, Gg^Gvs, Gg^Gvs, Gg^Gvs, Wwf, Gg^Gvs, Gg^Gvs, Xos, Xu, Xos, Gg^Gvs, Rp, Rp, Wwf, Ur, Xu, Xos, Xos, Wwf, Wwf, Rrc, Xos, Wwf, Wwf, Rr, Xos, Rr, Rr, Wwf, Urb, Xos, Xu, Xu, Xos, Xos, Gll^Fp, Gll^Fp, Rr, Rr, Gll^Fp, Rr, Rr, Gll^Fp, Gg, Gll^Fp, Gll^Fp, Gll^Fp, Gg, Gg, Gg, Gg, Gg, Wwf, Xos, Xos, Xu, Xu, Xos, Gll^Fp, Ww, Rb, Gll^Fp, Gll^Fp, Hh^Fp, Wwf, Gll^Fp, Rb, Xos, Xu, Xu, Xos, Xos, Hd, Wwf, Rd, Rd, Dd, Hd, Dd, Dd, Dd, Dd, Xos, Xu
Xu, Xos, Aa, Ms, Aa, Ww, Ai, Ha^Fda, Aa, Aa^Fma, Rrc, Aa^Fpa, Xos, Xu, Xos, Gg^Gvs, Gs^Vh, Gg^Gvs, Gs^Fds, Rp, Ww^Ewf, Ww, Gg^Gvs, Gg^Gvs, Mm^Xm, Mm^Xm, Gg^Wm, Gg^Gvs, Gg^Gvs, Ww, Ch, Gg, Gg, Ch, Xos, Xu, Xos, Hh, Gg^Gvs, Rp, Rp, Gg^Gvs, Ww^Ewl, Hh, Gg^Gvs, Xos, Xu, Xos, Xos, Gg^Gvs, Xu, Ur, Urb, Urb, Wwf, Wwf, Xos, Ww^Vm, Wwf, Xos, Wwf, Rr, Xos, Rr, Wwf, Wwf, Xos, Xos, Xu, Xu, Xos, Xu, Xu, Xos, Xos, Gll^Fp, Gll^Fp, Rr, Gll^Fp, Gll^Fp, Gll^Fp, Gll^Fp, Gll^Fp, Gg^Ve, Gll^Fp, Gll^Fp, Gll^Fp, Gll^Fp, Xos, Gg, Gll^Fp, Gg, Urb, Xos, Xu, Xos, Ww, Ww, Rb, Gll^Fp, Gll^Fp, Gll^Fp, Ww, Hh^Fp, Rb, Xos, Xu, Xos, Md, Dd, Ww, Ww, Rd, Gs^Ft, Hd, Dd, Dd, Md, Rd, Gs^Ft, Xos, Xu
Xu, Xos, Aa^Vla, Aa, Ai, Aa, Aa^Fpa, Ww, Ww^Bsb/, Rrc, Aa^Fma, Aa, Xos, Xu, Xos, Gg^Gvs, Ww, Gg^Gvs, Gg^Gvs, Rp, Ww, Gg^Gvs, Gg^Wm, Gg^Gvs, Mm^Xm, Gg^Gvs, Gg^Gvs, Gg^Gvs, Ww^Ewf, Ww, Ww^Bw/, Rp, Rp, Gg, Xu, Xu, Xu, Xos, Xos, Gg^Gvs, Gg^Gvs, Rp, Rp, Wwf, Wwf, Xos, Xos, Xu, Xu, Xos, Xu, Xos, Xos, Rp, Rp, Wwf, Rp, Xos, 2 Wwf, 1 Wwf, 6 Wwf, Xos, Ww^Vm, Wwf, Xos, Xos, Xu, Xu, Xos, Xos, Dd, Xos, Xos, Xu, Xu, Xos, Xos, Gll^Fp, Xos, Xos, Xos, Gll^Fp, Gll^Fp, Gg^Fet, Gll^Fp, Gll^Fp, Xos, Xos, Xu, Xos, Xos, Urb, Ur, Ur, Ww^Bw\, Ww, Rb, Rb, Gll^Fp, Rb, Rb, Gll^Fp, Ww^Bw/, Rb, Gll^Fp, Xos, Xu, Xos, Dd, Dd, Ww, Md, Rd, Dd, Ww, Dd, Rd, Rd, Hd, Rd, Xos, Xu
Xu, Xos, Xos, Aa^Fma, Aa^Fpa, Aa^Fma, Aa^Fma, Rrc, Aa, Ww, Ai, Aa^Fpa, Xos, Xu, Xos, Gg^Gvs, Hh, Ww, Gll^Fp, Rp, Ww, Gg^Gvs, Gg^Gvs, Gg^Gvs, Mm^Xm, Gg^Gvs, Ww, Wwf, Rp, Rp, Ch, Ww, Ur, Ur, Urb, Xos, Xos, Xu, Xu, Xos, Xos, Gs^Fds, Xos, Rp, Urb, Urb, Ur, Xu, Xos, Xu, Xos, Xu, Xu, Xos, Xos, Rp, Wwf, Wwf, 3 Wwf, Wwrt, 5 Wwf, Wwf, Rd, Wwf, Xos, Xu, Xos, Xos, Dd, Hd, Rd, Md, Rd, Xos, Xos, Xu, Xu, Xos, Xu, Xu, Xu, Xos, Xos, Gll^Fp, Xos, Xos, Xu, Xu, Xos, Xu, Xu, Xu, Xos, Gll^Fp, Wwf, Rb, Gll^Fp, Gll^Fp, Gg^Ve, Gll^Fp, Gll^Fp, Rb, Ww, Gll^Fp, Gll^Fp, Xos, Xu, Xos, Hd, Dd, Dd, Wwf, Ww, Ww^Bw\, Rd, Ww^Bw/, Wwf, Dd, Dd, Rd, Xu, Xu
Xu, Xu, Xu, Xos, Xos, Aa^Fda, Aa^Fma, Rrc, Aa^Fma, Aa, Aa^Fma, Ww, Xos, Xu, Xos, Hh, Mm, Wwf, Gg^Gvs, Rp, Wwf, Hh, Gg^Gvs, Mm^Xm, Gg^Gvs, Gg^Gvs, Ww, Rp, Mm, Gg^Gvs, Xos, Xu, Xos, Urb, Ww^Ewl, Rp, Rp, Xos, Xos, Xu, Xu, Xos, Xu, Xos, Xu, Ur, Ww^Bw\, Gg^Gvs, Gd^Fdf, Xos, Gg^Gvs, Xos, Xos, Xu, Xos, Wwf, Xos, Xos, Wwf, 4 Wwf, Wwf, Xos, Xos, Rd, Urb, Ur, Dd, Hd, Rd, Rd, Wwf, Rd, Wwf, Rd, Rd, Xos, Xos, Xu, Xos, Xos, Xos, Xu, Xu, Xos, Xu, Xu, Xos, Xos, Hd, Xos, Xos, Xu, Xu, Xos, Xos, Wwf, Wwf, Wwf, Wwf, Wwf, Wwf, Ww, Gll^Fp, Gll^Fp, Xos, Xos, Xu, Xos, Xos, Dd, Hd, Dd, Gs^Ft, Dd, Dd^Do, Dd, Xos, Ww, Ur, Ur, Xos, Xu
Xu, Xu, Xos, Xu, Xu, Xos, Xos, Rrc, Rrc, Aa, Aa^Fpa, Ai, Xos, Xu, Xu, Xos, Mm, Ww, Gg^Gvs, Rp, Ww^Bw\, Hh, Gg^Gvs, Mm^Xm, Gg^Gvs, Gg^Gvs, Ww, Rp, Hh, Gg^Gvs, Xos, Xu, Xu, Xos, Wwf, Gg^Gvs, Gs^Vh, Rp, Rp, Xos, Xos, Xu, Xos, Xu, Xos, Gg^Gvs, Wwf, Rp, Rp, Gg^Gvs, Gs^Vh, Gg^Gvs, Xos, Xu, Xos, Wwf, Re, Re, Ww^Vm, Xos, Wwf^Bw|, Wwf, Wwf, Rd, Urb, Ur, Wwf, Rd, Wwf, Dd, Hd, Dd, Md, Dd, Wwf, Rd, Urb, Ur, Dd, Hd, Dd, Xos, Xos, Xu, Xos, Xos, Gs^Ft, Dd, Dd, Dd^Do, Rd, Xos, Xos, Xu, Xu, Xos, Xos, Gll^Fp, Gll^Fp, Hh^Fp, Gll^Fp, Gll^Fp, Xos, Xos, Xu, Xu, Xos, Xu, Xu, Xos, Xos, Dd, Md, Dd, Xos, Xos, Xu, Xu, Urb, Urb, Xos, Xu
Xu, Xos, Aa^Vaa, Xos, Xos, Xu, Xu, Xos, Xos, Rrc, Urb, Urb, Ur, Xu, Xu, Xos, Hh, Ww, Ww^Ewl, Gll^Fp, Ww, Rp, Rp, Gg^Gvs, Ch, Gg^Gvs, Ww, Rp, Gg^Gvs, Gg^Gvs, Gg^Gvs, Xos, Xu, Xos, Gg^Gvs, Ww, Wwf, Ww, Ww, Rp, Rp, Xos, Gg^Gvs, Xos, Gg^Gvs, Gg^Wm, Wwf, Gg^Gvs, Hh, Rp, Gg^Gvs, Gg^Gvs, Xos, Xu, Xos, Wwf, Re, Wwf, Wwf, Xos, Wwf^Bw|, Wwf, Xos, Xos, Xos, Ur, Rd, Rd, Md, Dd, Dd, Dd, Xos, Xos, Xos, Dd, Urb, Ur, Rd, Dd, Gs^Ft, Dd, Hd, Xos, Dd, Dd, Rd, Rd, Rd, Rd, Dd, Rd, Rd, Xos, Xos, Xu, Xu, Xos, Xos, Gll^Fp, Xos, Xos, Xu, Xu, Xos, Xos, Md, Xos, Xos, Xu, Xu, Xos, Xos, Xos, Xu, Xu, Xos, Xos, Ww, Rd, Xos, Xu
Xu, Xos, Ai, Aa, Aa, Xos, Xos, Xu, Xu, Xos, Xu, Ur, Rrc, Xos, Xu, Xos, Gg, Hh, Gg^Gvs, Ww, Gg^Gvs, Ww, Wwf, Rp, Ww^Bw\, Ww, Rp, Rp, Gg^Gvs, Gg^Wm, Gg^Gvs, Xos, Xu, Xos, Gg^Wm, Gg^Gvs, Gg^Gvs, Hh, Ww^Ewl, Gg^Gvs, Gd^Fdf, Rp, Rp, Gg^Gvs, Rp, Gg^Gvs, Ww^Ewl, Gg^Gvs, Gg^Gvs, Rp, Gg^Gvs, Xos, Xu, Xu, Xu, Urb, Urb, Wwf, Xos, Wwf, Urb, Urb, Xu, Xu, Xu, Xu, Xos, Dd, Hd, Wwf, Xos, Xos, Xu, Xu, Xu, Xos, Xos, Ur, Wwg, Rd, Rd, Dd, Dd, Dd, Wwf, Dd, Rd, Md, Dd, Dd, Hd, Dd, Dd, Rd, Dd, Xos, Xos, Xu, Xu, Xos, Xu, Xu, Xos, Xos, Rd, Dd, Rd, Dd, Hd, Xos, Xos, Xu, Xu, Xu, Xos, Xos, Dd, Ww, Md, Rd, Xos, Xu
Xu, Xos, Ms, Ha^Fpa, Rrc, Rrc, Rrc, Xos, Xos, Xu, Xos, Ww, Rrc, Xos, Xu, Xos, Xos, Gg^Gvs, Gg^Gvs, Gg^Gvs, Gs^Vh, Gg^Gvs, Gs^Fds, Ww, Gs^Fds, Rp, Gg^Gvs, Gg^Gvs, Gg^Gvs, Gg^Gvs, Xos, Xos, Xu, Xos, Gg^Gvs, Gg^Gvs, Rp, Ww, Gg^Gvs, Ww, Wwf, Gg^Gvs, Gg^Gvs, Rp, Gg^Gvs, Rp, Ww^Bw\, Gg^Gvs, Rp, Rp, Xos, Xos, Xu, Xos, Aa, Ur, Ur, Xos, Xu, Xos, Ur, Ur, Ww^Bw\, Xos, Xos, Xu, Xu, Xos, Xos, Xos, Xu, Xu, Xos, Xos, Xos, Xu, Xu, Xu, Dd, Wwg, Wwg^Bw|, Hd, Wwf, Ww, Dd, Ww, Ww^Bw|, Dd, Hd, Dd, Ww, Wwf, Ww, Rd, Dd, Dd, Hd, Xos, Xos, Xu, Xu, Xos, Rd, Rd, Md, Rd, Dd, Rd, Rd, Dd^Vdt, Hd, Xos, Xu, Xos, Hd, Dd, Ww, Ww, Hd, Rd, Xos, Xu
Xu, Xos, Rrc, Rrc, Aa^Fpa, Ha, Ha^Fda, Rrc, Rrc, Xos, Ww, Ai, Rrc, Xos, Xu, Xu, Xu, Xos, Xos, Gg^Gvs, Gg^Gvs, Gg^Gvs, Gg^Gvs, Ww, Ww, Gg^Gvs, Gg^Gvs, Gs^Fds, Xos, Xos, Xu, Xu, Xos, Xos, Rp, Rp, Wwf, Ww^Bw\, Rp, Gg^Gvs, Gg^Wm, Ww, Ww^Bw/, Rp, Wwf, Ww, Gg^Gvs, Rp, Xos, Xos, Xu, Xu, Xos, Xos, Ha, Re, Ai, Xu, Xu, Xu, Xos, Ds, Ds, Ww^Bw\, Ww, Xos, Xos, Xu, Xu, Xu, Xos, Xos, Gg, Gg^Es, Gg, Xos, Xu, Xos, Dd^Do, Dd, Rd, Ww, Dd, Gs^Ft, Hd, Dd, Rd, Ww, Ww, Wwf, Hd, Dd, Dd, Ww^Bw|, Ww, Dd, Dd, Dd, Dd, Xos, Urb, Ur, Ur, Ww, Ww, Ww, Wwf, Dd, Rd, Dd, Gs^Ft, Xos, Xu, Xos, Dd, Gs^Ft, Wwf, Dd^Vdt, Rd, Rd, Xos, Xu
Xu, Xos, Rrc, Aa, Ww, Ai, Ww, Aa^Fpa, Ai, Ww^Bsb\, Rrc, Rrc, Xos, Xos, Xu, Xu, Xos, Xu, Xu, Xos, Xos, Xos, Xos, Gg^Gvs, Gll^Fp, Gg^Gvs, Xos, Xos, Xu, Xu, Xos, Xu, Ur, Urb, Urb, Ww, Xos, Gg^Gvs, Gg^Gvs, Rp, Rp, Rp, Gg^Gvs, Wwf, Hh, Gg^Gvs, Xos, Xos, Xu, Xu, Xos, Xos, Ms, Aa, Re, Re, Ai, Xos, Xos, Xu, Xos, Hh, Ds, Ww^Bw|, Ww^Bw\, Ww, Ww, Xos, Xos, Xos, Wwt^Bw/, Ds^Bw/, Ds, Gs^Ft, Gs^Vht, Xos, Xu, Xos, Dd, Dd, Rd, Dd, Dd, Dd, Dd, Dd, Dd, Rd, Ww, Dd, Dd, Dd^Vdt, Rd, Rd, Ww^Bw\, Dd, Gs^Ft, Dd, Rd, Rd, Ww, Urb, Xos, Xu, Xos, Dd, Rd, Ww^Bw/, Ww, Dd, Dd, Xos, Xu, Xos, Md, Dd, Rd, Ww^Bw/, Ww, Gs^Ft, Xos, Xu
Xu, Xos, Ww, Ww^Bsb\, Rrc, Aa, Aa^Fpa, Ai, Aa^Fpa, Aa, Xos, Xos, Xu, Xu, Xos, Xos, Gg^Wm, Xos, Xos, Xu, Xu, Xu, Xu, Xos, Xos, Xos, Xu, Xu, Xos, Xos, Gs^Fds, Rp, Ww, Ur, Xu, Xos, Xu, Xos, Xos, Xos, Xos, Gd^Fdf, Xos, Xos, Xos, Xos, Xu, Xu, Xos, Xos, Ww, Aa, Re, Re, Ha, Aa^Fpa, Ww, Ha, Xos, Xu, Xos, Ds, Wwrt, Wwt, Wwt, Ww^Bw|, Wwt, Wwrt, Ww, Ww^Bw|, Ww, Wwrt, Ds, Gg, Gg^Es, Xos, Xu, Xos, Md, Dd, Rd, Md, Dd, Dd, Dd, Hd, Rd, Rd, Ww^Bw\, Hd, Rd, Rd, Dd, Hd, Wwf, Rd, Rd, Rd, Wwf, Ww, Xos, Xos, Xu, Xu, Xos, Gs^Ft, Rd, Md, Wwf, Dd, Hd, Xos, Xu, Xos, Dd, Dd, Rd, Dd, Ww, Dd, Xos, Xu
Xu, Xos, Ai, Aa^Fpa, Ha, Rrc, Ha, Ha^Fma, Xos, Xos, Xu, Xu, Xos, Xos, Gg^Gvs, Gg^Gvs, Gg^Gvs, Gg^Gvs, Rp, Xu, Xos, Xos, Xos, Xu, Xu, Xu, Xos, Xos, Gg^Gvs, Gg^Gvs, Wwf, Ww^Bw|, Xos, Xos, Xu, Xu, Xos, Xu, Xu, Xu, Xu, Xos, Xu, Xu, Xu, Xu, Xos, Xos, Ai, Ai, Re, Ai^Bw/, Ai, Aa^Fpa, Ai, Ai, Xos, Xos, Xu, Xu, Xu, Xos, Xos, Wwrt, Ds, Ds^Bw|, Ds^Bw/, Ww^Bw/, Ww^Bw\, Ww^Bw/, Ww^Bw\, Wwt, Ds, Gs^Ft, Hh, Xos, Xu, Xos, Dd, Dd, Dd, Rd, Rd, Hd, Rd, Rd, Dd, Dd, Wwf, Rd, Dd, Dd, Gs^Ft, Dd, Dd, Ww, Ww^Bw|, Ww, Dd, Dd, Xos, Xu, Xos, Xos, Hd, Dd, Rd, Dd, Ww, Dd, Dd, Xos, Xos, Xos, Dd, Hd, Rd, Dd, Wwf, Md, Xos, Xu
Xu, Xos, Ai, Aa, Rrc, Rrc, Xos, Xos, Xu, Xu, Xos, Xos, Gg^Wm, Gg^Gvs, Wwf, Ww^Ewf, Ww^Bw/, Rp, Ww, Ur, Urb, Gg^Gvs, Gg^Wm, Xos, Xos, Xos, Gg^Gvs, Gg^Wm, Wwf, Ww^Ewf, Gs^Fds, Rp, Xos, Xu, Xos, Xos, Aa^Fpa, Xos, Xos, Xos, Xos, Xu, Xos, Xos, Xos, Xos, Ai, Ww, Ha, Re, Aa, Aa, Aa, Ww, Xos, Xos, Xu, Xu, Xos, Xos, Xos, Xu, Xu, Xos, Xos, Gg^Es, Gs^Ft, Ds, Wwt, Wwt, Ds, Ww^Bw\, Ww^Bw\, Ds, Ds, Xos, Xu, Xos, Xos, Gs^Ft, Hd, Dd, Dd, Rd, Dd, Hd, Ww, Ww, Gs^Ft, Rd, Dd, Hd, Dd, Dd, Dd, Hd, Rd, Dd, Dd, Hd, Xos, Xu, Xos, Dd, Dd^Do, Dd, Wwf, Ww^Bw\, Rd, Dd, Hd, Dd, Dd^Vda, Dd, Dd, Dd, Dd, Rd, Ww, Dd, Xos, Xu
Xu, Xos, Ww, Rrc, Xos, Xos, Xu, Xu, Xos, Xos, Gg^Gvs, Gg^Gvs, Gg^Gvs, Wwf, Rp, Rp, Gd^Fdf, Wwf, Xu, Ur, Urb, Rp, Gg^Gvs, Gg^Gvs, Gg^Gvs, Gs^Fdw, Gs^Vht, Gg^Gvs, Ww, Gd^Fdf, Hh, Rp, Xos, Xu, Xos, Ms, Aa, Ha, Aa, Aa^Fpa, Aa, Xos, Aa, Aa^Fpa, Aa, Ha, Ai, Aa^Fpa, Aa, Re, Ms, Aa^Fpa, Xos, Xos, Xu, Xu, Xos, Xos, Ds, Gs^Vht, Ds, Xos, Xos, Xu, Xu, Xos, Xos, Ds, Wwrt, Ds, Gg^Es, Ds, Ds, Ww^Bw\, Ww^Bw|, Xos, Xos, Xu, Xu, Xos, Xos, Dd, Md, Rd, Dd, Ww, Dd, Dd, Dd, Rd, Rd, Dd, Md, Dd, Rd, Rd, Hd, Dd, Xos, Xos, Xu, Xu, Xos, Md, Dd, Dd, Ww, Gs^Ft, Dd, Rd, Dd, Dd, Ww, Gs^Ft, Dd, Md, Wwf, Ww^Bw|, Dd, Hd, Xos, Xu
Xu, Xos, Urb, Urb, Xu, Xu, Xu, Xos, Gg^Gvs, Gg^Gvs, Gg^Gvs, Gd^Fdf, Rp, Ww^Bw/, Gg^Gvs, Gg^Gvs, Gg^Gvs, Xos, Xu, Xos, Gg^Gvs, Ww^Bw|, Ww, Hh, Gg^Gvs, Gg^Gvs, Gg^Gvs, Gg^Gvs, Ww^Ewf, Gg^Gvs, Gg^Gvs, Rp, Xos, Xu, Xos, Ha, Aa^Fpa, Aa, Aa^Fpa, Aa, Re, Ha, Aa^Fpa, Ha, Aa, Ms, Ai, Ha, Re, Re, Xos, Xos, Xu, Xu, Xos, Xos, Gs^Ft, Ds, Wwrt, Ds^Bw|, Ww, Wwrt, Ds, Xos, Xos, Xu, Xu, Xos, Xos, Ds, Hh, Gs^Ft, Ds, Wwt, Ww^Bw|, Ww, Wwrt, Xos, Xu, Xu, Xos, Dd, Rd, Rd, Ww, Wwf, Dd, Hd, Dd, Dd, Hd, Rd, Rd, Rd, Dd^Do, Dd, Xos, Xos, Xu, Xu, Xos, Xu, Xu, Xos, Xos, Hd, Dd, Wwf, Ww, Rd, Ww^Bw\, Wwf, Md, Ww, Ww, Ww, Dd, Rd, Dd, Dd^Do, Xos, Xu
Xu, Xos, Ur, Ur, Ww, Xos, Xu, Xos, Gg^Gvs, Gg^Wm, Gg^Gvs, Rp, Wwf, Ww^Ewf, Gg^Gvs, Gg^Wm, Gg^Gvs, Xos, Xu, Xos, Gg^Gvs, Rp, Wwf, Gg^Gvs, Gg^Gvs, Gg^Wm, Gg^Gvs, Gd^Fdf, Wwf, Gg^Gvs, Gg^Gvs, Rp, Xos, Xu, Xos, Aa^Fpa, Aa, Aa, Re, Re, Aa, Re, Re, Aa, Aa, Aa^Fpa, Ai^Bw/, Re, Aa^Fpa, Ms, Xos, Xu, Xos, Xos, Gg^Es, Hh, Gg, Ds, Ds, Ww^Bw|, Ww, Wwrt, Ds, Gs^Ft, Gg, Xos, Xos, Xu, Xu, Xos, Xos, Gg, Ds, Wwt, Ww^Bw|, Ww, Ww^Vm, Xos, Xu, Xu, Xu, Urb, Urb, Ww, Xos, Xos, Xos, Dd, Dd^Vdt, Dd, Dd, Dd, Dd, Dd, Xos, Xos, Xu, Xu, Xos, Xos, Hd, Xos, Xos, Xu, Xu, Xos, Xos, Dd, Hd, Ww, Dd, Rd, Rd, Dd, Rd, Hd, Rd, Rd, Dd, Md, Xos, Xu
Xu, Xu, Rrc, Rrc, Ww, Xos, Xu, Xos, Gll^Fmf, Gg^Gvs, Hh, Rp, Ww^Bw\r, Hh, Gg^Gvs, Gg^Gvs, Gs^Vht, Xos, Xu, Xos, Gg^Wm, Rp, Rp, Ww, Ww^Bw/, Rp, Ww^Bw\, Wwf, Gg^Gvs, Gg^Wm, Gg^Gvs, Rp, Xos, Xu, Xos, Ha, Aa^Fpa, Aa, Ai^Bw|, Aa^Fpa, Ms, Aa, Aa^Fpa, Re, Re, Re, Ww, Aa, Aa, Ha, Xos, Xu, Xos, Gs^Ft, Gg, Gg, Gg^Es, Gs^Ft, Gg, Ds^Bw/, Ww, Ww, Ds, Md, Ds, Gg^Es, Gs^Ft, Xos, Xos, Xu, Xu, Xos, Urb, Wwt, Ww^Bw/, Ww, Xos, Xos, Xu, Xos, Hd, Ur, Ur, Xos, Xu, Xu, Xu, Xos, Xos, Dd, Hd, Dd, Xos, Xos, Xu, Xu, Xos, Xos, Dd, Dd, Dd^Do, Dd, Dd, Xos, Xos, Xu, Xu, Xos, Xos, Dd, Xos, Xos, Xos, Rd, Xos, Rd, Xos, Xos, Xos, Xos, Xu, Xu
Xu, Xos, Rrc, Aa^Fpa, Ww, Xos, Xu, Xos, Xos, Gg^Gvs, Gg^Gvs, Gg^Gvs, Ww, Rp, Rp, Gg^Gvs, Gg^Gvs, Xos, Xu, Xos, Xos, Gg^Gvs, Gg^Gvs, Rp, Hh^Fds, Ww, Gg^Gvs, Rp, Rp, Gg^Gvs, Rp, Rp, Xos, Xu, Xu, Xos, Xos, Ww, Re, Ai, Ww, Aa, Ha, Aa, Ha, Aa, Ai, Aa, Ha, Aa^Fpa, Xos, Xu, Xos, Ds, Ds^Bw|, Hh, Ds, Gg, Ds, Ds^Bw\, Ww^Bw\, Wwrt, Ww, Ds, Ww^Bw\, Ds^Bw|, Ds, Ds, Wwrt, Xos, Xos, Xu, Ur, Urb, Xos, Xos, Xu, Xu, Xos, Xos, Dd, Rd, Ww, Xu, Xos, Xos, Xos, Xu, Xu, Xos, Xos, Xos, Xu, Xu, Xos, Xu, Hd, Dd, Hd, Dd, Dd, Dd, Hd, Dd, Dd, Xos, Xos, Xu, Xu, Xos, Xu, Xu, Xu, Xos, Xu, Xos, Xu, Xu, Xu, Xu, Xu, Xu
Xu, Xos, Ww, Ww^Bsb\, Rrc, Xos, Xos, Xu, Xu, Xos, Xos, Gg^Wm, Gg^Gvs, Wwf, Ww, Rp, Urb, Xos, Xu, Xu, Xu, Xos, Xos, Gg^Gvs, Gg^Gvs, Gg^Gvs, Gg^Wm, Gg^Gvs, Gd^Fdf, Rp, Xos, Xos, Xu, Xu, Xos, Xu, Xos, Ai, Ha, Re, Aa, Ai, Ai, Aa^Fpa, Ww, Ai, Ha, Aa^Fpa, Xos, Xos, Xu, Xu, Xos, Wwrt, Ww^Bw/, Ds, Ww, Ds, Ww, Ww, Ww^Bw/, Wwrt^Bw\, Ww^Bw\, Ww^Bw/, Ds, Ww^Bw\, Ww^Bw\, Ww, Ww^Bw/, Ww^Bw\, Ww^Bw/, Ww^Bw/, Ww, Ur, Xu, Xu, Xos, Xos, Hd, Dd, Ww, Ww^Bw|r, Dd, Dd, Dd, Dd, Dd, Xos, Xos, Xu, Xu, Xu, Xos, Xos, Urb, Ur, Ww, Dd, Dd, Dd^Dc, Rd, Hd, Dd, Md, Hd, Dd, Hd, Xos, Xos, Xu, Xos, Xos, Xos, Xu, Xos, Xu, Xos, Xos, Xos, Xos, Xos, Xu
Xu, Xos, Ai, Aa^Fma, Rrc, Ha^Fma, Aa, Xos, Xos, Xu, Xu, Xos, Xos, Gll^Fmf, Xos, Urb, Ur, Ur, Rp, Xos, Xos, Xu, Xu, Xos, Xos, Gg^Gvs, Gg^Gvs, Gg^Gvs, Xos, Xos, Xu, Xu, Xos, Xos, Ds, Xu, Ur, Urb, Urb, Re, Ms, Aa^Fpa, Xos, Ai, Xos, Xos, Xos, Xos, Xu, Xu, Xos, Xu, Ur, Urb, Urb, Ww, Wwrt, Ww, Ds, Ds^Bw|, Ds, Wwrt, Ww, Ds, Gs^Ft, Ds, Ww, Ww^Bw\, Ds, Ds, Ds, Wwrt, Xos, Xos, Xu, Xu, Xos, Hd, Dd^Dc, Dd, Ww, Rd, Dd, Md, Dd, Dd^Do, Dd, Dd, Dd, Xos, Xos, Xos, Rd, Rd, Urb, Ur, Rd, Ww, Ww^Bw/, Rd, Dd, Rd, Rd, Dd, Dd, Dd, Ww, Ww, Urb, Ur, Rd, Dd^Dc, Dd, Xos, Dd, Xos, Dd, Dd, Dd, Dd^Do, Xos, Xu
Xu, Xos, Ai, Ha^Fma, Aa, Rrc, Aa, Aa^Fma, Aa, Xos, Xos, Xu, Xu, Xos, Xu, Xu, Gs^Fdw, Ww^Ewf, Ww^Bw|r, Gs^Fds, Gg^Gvs, Xos, Xos, Xu, Xu, Xos, Xos, Xos, Xu, Xu, Xos, Xos, Gg, Gs^Ft, Ds, Wwr, Wwt^Bw/, Ur, Xu, Xos, Xos, Xos, Xu, Xos, Xu, Xu, Xu, Xu, Xos, Xos, Gs^Ft, Ds, Ww^Bw/, Ur, Xu, Xos, Xos, Ds, Md, Gg, Gs^Ft, Ds, Wwrt, Ds, Ds, Ds, Ww, Wwrt, Ds, Dd^Do, Xos, Xos, Xu, Xu, Xos, Xu, Xu, Xos, Xos, Dd, Dd, Ww^Bw|, Ww, Dd, Hd, Dd, Dd^Dc, Hd, Dd, Dd, Dd, Rd, Hd, Ww, Xos, Xu, Xos, Rd, Ww, Dd, Hd, Dd, Dd^Dc, Rd, Ww^Bw\r, Ww, Dd, Hd, Urb, Ur, Ww, Rd, Dd, Hd, Ww, Dd, Hd, Dd, Md, Dd, Xos, Xu
Xu, Xos, Aa, Ww, Ww^Bsb/, Rrc, Ai, Ha^Fma, Aa^Fpa, Aa, Ai, Xos, Xos, Xu, Xos, Xos, Gg^Gvs, Gg^Gvs, Rp, Wwf, Gg^Gvs, Gg^Gvs, Gg^Wm, Xos, Xos, Xu, Xu, Xu, Xos, Xos, Gs^Ft, Gg^Es, Ds, Hh, Ds, Ww^Bw/, Wwrg, Ww, Xos, Xu, Xu, Xu, Xos, Xu, Xos, Xos, Xos, Xu, Xos, Gs^Ft, Gg, Ds^Bw/, Ww, Wwt, Xos, Xu, Xu, Xos, Xos, Xos, Xos, Ds, Xos, Ww, Wwrt, Ww, Wwrt, Ww, Xos, Xos, Xu, Xu, Xos, Xos, Gs^Ft, Xos, Xos, Xu, Xu, Xos, Xos, Rd, Rd, Ww, Ww^Bw/, Rd, Rd, Dd, Ww, Ww, Ww^Bw/r, Rd, Ww, Ww, Xos, Xu, Xos, Dd, Ww, Dd, Dd, Dd, Ww, Ww, Hd, Rd, Rd, Rd, Xos, Ur, Hd, Ww^Bw|, Ww, Ww, Dd, Ww, Ww, Dd, Dd, Dd, Xos, Xu
Xu, Xos, Aa^Fpa, Rrc, Aa^Fpa, Ww, Ha^Fpa, Ww, Ww, Ha, Aa, Aa^Vaa, Xos, Xu, Xos, Gg^Gvs, Gg^Wm, Gg^Gvs, Hh^Fp, Ww^Bw\, Rp, Gg^Gvs, Gg^Gvs, Gg^Gvs, Gs^Fdw, Xos, Xu, Xos, Wwrt, Ds, Ds^Bw/, Ds^Bw\, Ww^Bw\, Ds, Ww, Wwt^Bw|r, Ww^Ewl, Chw, Ds, Xos, Xos, Xos, Gs^Ft, Xos, Gs^Ft, Dd^Do, Xos, Xu, Xos, Gg, Ds, Ds, Wwt, Wwrg, Ww, Xos, Xos, Xu, Xu, Xu, Xu, Xos, Xu, Xos, Xos, Xos, Xos, Xos, Xu, Xu, Xos, Xos, Ww, Ds, Gg, Dd^Do, Gg, Xos, Xos, Xu, Xu, Xos, Xos, Rd, Dd, Ww, Ww, Ww^Bw\, Rd, Rd, Dd, Ww, Dd, Dd, Xos, Xu, Xos, Dd, Dd, Ww, Ww, Ww, Dd, Dd, Hd, Md, Dd, Xos, Xu, Xu, Dd, Rd, Ww^Bw\r, Dd^Dc, Rd, Md, Dd, Ww, Ww, Dd^Dc, Xos, Xu
Xu, Xos, Ai, Rrc, Rrc, Aa, Rrc, Aa^Fpa, Ha^Fda, Ai, Aa^Fpa, Aa^Fpa, Xos, Xu, Xos, Gg^Gvs, Gg^Gvs, Gg^Gvs, Ww^Ewf, Ww, Wwf^Bw|, Gg^Gvs, Rp, Gg^Gvs, Wwf, Ww^Ewf, Ur, Urb, Ww^Bw/, Ww^Bw/, Ww, Wwrg, Ww, Ww^Bw\r, Ds^Bw\, Ds^Bw|r, Ds, Ww, Ds, Gs^Ft, Ds, Ds, Ds, Gg, Hh, Gg^Es, Xos, Xu, Xos, Gg^Es, Ds^Bw\, Ww, Chw, Ww, Ds, Ww, Ww, Xos, Xos, Xos, Xos, Xu, Xos, Xu, Xu, Xu, Xu, Xu, Xos, Xu, Ww, Wwr, Ww^Bw/, Ds^Bw/, Ds, Gg^Es, Ds, Ds, Ds, Xos, Xos, Xu, Xu, Xos, Xos, Hd, Dd, Dd, Hd, Dd, Md, Dd, Hd, Hd, Xos, Xu, Xos, Md, Dd, Dd, Dd, Dd, Dd^Dc, Dd, Dd^Do, Dd, Hd, Xos, Xu, Xos, Dd^Do, Dd, Ww, Rd, Dd, Rd, Rd, Hd, Ww, Dd, Xos, Xu
Xu, Xos, Aa^Fpa, Ha^Fpa, Ha, Rrc, Aa^Fpa, Rrc, Rrc, Ww, Aa, Aa, Xos, Xu, Xos, Gg^Gvs, Gg^Gvs, Ww, Gg^Gvs, Gg^Gvs, Rp, Ww^Bw/, Ww^Ewl, Ww^Bw\, Rp, Rp, Ur, Urb, Ds, Ds, Ds, Wwt, Wwr, Ds, Hh, Gg, Ds^Bw\, Ww, Wwt^Bw\, Ds, Wwrg, Wwrt, Ds^Bw/r, Ds, Ds, Ds, Xos, Xu, Xos, Gg, Ds, Ww^Bw\, Wwt^Bw|, Ds, Gs^Ft, Ds, Ww, Wwrg, Ww, Ds, Gg, Xos, Gs^Ft, Xos, Xos, Xos, Xos, Xos, Urb, Ur, Ww^Bw/, Ww^Bw/, Ds, Ds, Ds, Ds, Ww, Wwr, Ds, Gg, Hh, Xos, Xos, Xu, Xu, Xos, Xos, Xos, Xos, Dd, Xos, Dd, Xos, Xos, Xu, Xu, Xu, Xos, Xos, Dd^Dc, Xos, Hd, Xos, Dd, Dd, Dd, Xos, Xos, Xu, Xos, Xos, Dd, Md, Ww, Ww, Dd^Dc, Ww, Ww^Bw\r, Rd, Ww, Xos, Xu
Xu, Xos, Ha^Fda, Aa^Fpa, Ai, Aa^Fpa, Ai, Ha, Aa, Ww^Bsb\, Rrc, Aa^Fpa, Xos, Xu, Xos, Gg^Wm, Gg^Gvs, Wwf, Rp, Rp, Gg^Gvs, Gg^Gvs, Gg^Gvs, Hh^Fp, Gg^Gvs, Gg^Gvs, Xu, Xos, Xos, Gs^Ft, Xos, Ww, Ds, Ds, Gg^Es, Gs^Ft, Ds, Wwt^Bw/r, Wwr, Ww^Bw\, Ww^Bw|, Ww^Bw/r, Ds, Hh, Ds, Wwrt, Xos, Xu, Xos, Hh, Ds, Ww, Wwf^Bw|r, Ds, Ds, Ds^Bw\, Ww^Bw\, Ww^Vm, Wwf, Ds, Gg, Gs^Ft, Dd^Do, Gg^Es, Ds, Ww, Wwrg, Ww, Urb, Ur, Ww^Bw\r, Wwt, Ds, Gs^Ft, Ds, Chw, Wwt^Bw\, Wwt, Ds, Gg, Ds, Ds, Ww, Xos, Xos, Xu, Xu, Xu, Xu, Xos, Xu, Xos, Xu, Xu, Xos, Xos, Xos, Xu, Xu, Xos, Xu, Xos, Xu, Xos, Xos, Xos, Xu, Xu, Xos, Xu, Xu, Xos, Xos, Dd, Hd, Ww, Dd, Hd, Rd, Ww, Xos, Xu
Xu, Xos, Aa^Vaa, Aa, Ha, Ha^Fda, Aa^Fpa, Aa^Fpa, Ww, Ai, Rrc, Ha^Fpa, Xos, Xu, Xos, Gg^Gvs, Rp, Ww^Bw/, Wwf, Gg^Gvs, Gg^Gvs, Gg^Wm, Gg^Gvs, Gg^Gvs, Xos, Xos, Xu, Xu, Xu, Xos, Xu, Xos, Xos, Gs^Ft, Dd^Do, Gg, Ds, Ww, Ww, Ww, Ds^Bw|, Ww, Wwrt, Ds, Ww^Ewl, Wwr, Xos, Xu, Xu, Xos, Xos, Ww, Wwt^Bw\, Wwr, Ww^Bw/r, Ww^Bw/r, Wwf, Wwt^Bw\, Ww^Bw\, Ds^Bw/, Gg, Gs^Ft, Gg, Gg, Ds, Ww, Wwt^Bw/, Ww^Bw/, Xos, Xu, Xos, Ww^Bw\r, Wwt^Bw\r, Ds, Ww, Ww^Ewl, Ww, Ww^Bw\r, Wwrg^Bw\, Ds^Bw|, Ww, Wwr, Ds, Ww, Ds, Xos, Xos, Xos, Xu, Xu, Xos, Xu, Xos, Xos, Dd, Md, Dd, Xos, Xos, Xu, Xos, Xu, Xos, Xu, Xu, Xu, Xos, Xos, Md, Xos, Xos, Xu, Xu, Xos, Xos, Dd, Dd^Dc, Rd, Dd, Ww, Xos, Xu
Xu, Xos, Aa, Aa^Fpa, Ai, Ww, Ww, Ai, Ha, Aa^Fpa, Rrc, Ha^Fma, Xos, Xu, Xos, Rp, Gg^Gvs, Gg^Gvs, Wwf, Gg^Gvs, Gg^Gvs, Gg^Gvs, Xos, Xos, Xu, Xu, Xos, Xos, Xos, Xu, Xos, Xu, Xu, Xos, Xos, Xos, Xos, Wwt, Ds, Ds, Gg, Ds^Bw\, Ww^Bw\, Ww, Ww^Bw/, Chw, Ds, Xos, Xos, Xu, Xos, Ww, Wwrg, Ww^Bw\r, Ds^Bw\, Ds, Ds, Wwr, Ww, Ds, Ds, Gg^Es, Ds, Ds^Bw\, Ww^Bw\, Ww^Bw/, Ds, Chw, Xos, Xu, Xos, Wwt, Wwrg, Wwt^Bw\, Ds^Bw\, Ds, Ds, Ds, Ds, Ww^Bw|, Ds, Ds, Gs^Ft, Ds, Ds, Gs^Ft, Gg, Ds, Ur, Xos, Ww, Xos, Dd, Dd^Dc, Rd, Rd, Rd, Dd^Dc, Dd, Xos, Dd, Xos, Rd, Xos, Ur, Xos, Ww, Dd, Dd, Dd, Dd, Xos, Xos, Xu, Xu, Xos, Xos, Rd, Rd, Ww, Xos, Xu
Xu, Xos, Aa^Fpa, Ai, Aa, Ha, Aa, Aa^Fpa, Rrc, Rrc, Xos, Xos, Xu, Xu, Xos, Rp, Gg^Gvs, Gg^Wm, Ww^Ewf, Gll^Fmf, Xos, Xos, Xu, Xu, Xos, Xos, Gg^Gvs, Gg^Wm, Gg^Gvs, Xos, Gs^Fds, Xos, Xos, Xu, Xu, Xu, Xu, Xos, Xos, Hh, Xos, Ds, Wwr, Ww^Bw/, Wwrg, Ds^Bw\r, Gg^Es, Gs^Ft, Xu, Xu, Xu, Xos, Xos, Ds, Gs^Ft, Gg^Es, Gg, Ds, Ds, Ww, Ww, Ds, Ww, Wwf, Ww, Ds^Bw\, Gg^Es, Ds, Xos, Xu, Xos, Ds, Ds, Ww, Ds, Hh, Ds, Gs^Ft, Ds, Wwt^Bw|, Ds, Gg^Es, Ds, Ds, Ww^Bw|r, Ds^Bw/r, Ds, Ds^Bw\, Ur, Urb, Dd, Ww, Ww^Bw/, Rd, Hd, Dd, Dd, Rd, Rd, Rd, Rd, Rd, Dd, Rd, Ur, Urb, Rd, Ww, Dd, Dd, Dd^Dc, Hd, Dd, Xos, Xos, Xu, Xu, Xos, Urb, Ww, Xos, Xu
Xu, Xos, Ww, Ww, Aa, Aa^Fpa, Rrc, Rrc, Xos, Xos, Xu, Xu, Xos, Xu, Ur, Urb, Urb, Ww, Xos, Xos, Xu, Xu, Xos, Xos, Gg^Gvs, Gg^Gvs, Hh, Gg^Gvs, Ww^Ewl, Gg^Gvs, Rp, Rp, Rp, Xos, Xu, Xos, Xos, Xu, Xu, Xos, Xu, Xos, Xos, Wwrt, Ww, Ds, Ds^Bw|r, Ds, Ur, Xos, Xos, Xu, Xu, Xos, Xos, Gs^Ft, Xos, Hh, Xos, Wwr, Xos, Ww, Wwrg, Wwt, Ww, Ds, Ds, Hh, Xos, Xu, Xos, Gs^Ft, Ds, Ww, Wwrg^Bw\, Ds^Bw|, Ww, Ds, Ww^Bw|, Ww^Bw/, Ww^Bw\, Ds, Ww, Ww, Ww^Bw/r, Ww, Ww^Ewf, Ww, Xu, Urb, Rd, Rd, Hd, Ww, Ww, Dd, Dd^Dr, Dd, Dd, Dd, Hd, Dd, Ww, Ww, Ur, Urb, Dd, Ww^Bw\, Rd, Dd, Dd, Dd, Dd, Dd, Hd, Xos, Xos, Ur, Ur, Urb, Xos, Xu
Xu, Xos, Ai, Aa^Fpa, Rrc, Rrc, Xos, Xos, Xu, Xu, Xos, Xos, Rp, Rp, Gg^Gvs, Ur, Xu, Xos, Xu, Xu, Xos, Xos, Gg^Gvs, Gg^Wm, Rp, Rp, Ww^Bw\, Ww, Rp, Ww^Bw/, Wwf, Gg^Gvs, Gg^Gvs, Urb, Ur, Gll^Fp, Gs^Fds, Xos, Xos, Xu, Xos, Xu, Xu, Xos, Xos, Ww^Ewl, Wwt, Wwt^Bw\, Ur, Urb, Wwrg, Xos, Xos, Xu, Xu, Xos, Xu, Xos, Xu, Xos, Xu, Xos, Xos, Xos, Xos, Chw, Xos, Xos, Xu, Xu, Xos, Ds, Wwt^Bw/, Ww^Bw/, Ds, Wwt^Bw|r, Wwt, Wwrg, Wwt^Bw|, Wwr, Ww, Chw, Ww^Bw\, Wwrg^Bw/, Ww, Wwt, Ww, Xos, Xu, Xos, Dd, Dd, Dd, Dd, Ww, Dd, Dd^Dr, Dd^Dr, Dd^Dr, Dd, Ww, Ww, Dd^Dc, Dd, Xu, Xos, Xos, Ww, Dd, Rd, Rd, Dd, Dd^Dc, Dd, Dd, Dd, Dd, Dd, Rd, Ur, Xu, Xu
Xu, Xos, Ww, Rrc, Xos, Xos, Xu, Xu, Xos, Xos, Gs^Fms, Rp, Gg^Gvs, Gg^Wm, Gg^Gvs, Ww, Xos, Xu, Xos, Xos, Gg^Gvs, Gg^Gvs, Gs^Fds, Gg^Gvs, Rp, Ww, Mm^Xm, Rp, Gg^Gvs, Gg^Gvs, Gg^Gvs, Ww^Ewl, Ww, Urb, Ur, Rp, Rp, Rp, Rp, Xos, Hh^Fp, Xos, Xos, Xu, Xu, Xos, Xos, Wwrt, Xu, Urb, Ww^Bw\, Ds, Gs^Ft, Xos, Xos, Xu, Xos, Xu, Xos, Xu, Xos, Xu, Xu, Xu, Xu, Xos, Xu, Xu, Xos, Xu, Ur, Urb, Urb, Ds, Gs^Ft, Ds^Bw|, Ds^Bw/, Ww^Bw/, Ds, Ds, Ds, Wwt, Ds^Bw|, Ds, Ds, Ds, Xos, Xos, Xu, Xos, Xos, Md, Dd, Dd^Dc, Ww, Dd, Md, Mv, Md, Dd, Ww, Dd, Dd, Dd, Xos, Xu, Xos, Ww, Ww, Dd, Rd, Dd, Ww, Ww, Ww, Dd, Dd, Dd, Rd, Ww, Xos, Xu
Xu, Xos, Urb, Urb, Xu, Xu, Xos, Xos, Gg^Gvs, Gg^Gvs, Gg^Gvs, Rp, Rp, Gg^Gvs, Hh, Wwf, Ww^Ewl, Xos, Mm^Xm, Gs^Fms, Gg^Gvs, Gg^Gvs, Gg^Gvs, Gg^Gvs, Rp, Ww^Ewl, Wwf, Mm^Xm, Mm^Xm, Gg^Wm, Gg^Gvs, Gg^Gvs, Xos, Xos, Xu, Ww, Ww^Ewf, Gll^Fp, Hh, Rp, Ww, Gg^Gvs, Gg^Gvs, Xos, Xos, Xu, Xu, Xos, Xu, Xos, Ww, Ds^Bw\r, Ds^Bw\, Ds, Ww^Bw/, Xos, Ww^Vm, Xos, Wwrg, Xos, Gs^Ft, Xos, Xos, Xos, Xos, Xu, Xos, Xos, Wwrt, Wwr^Bw/r, Ww, Ur, Xu, Xos, Xos, Gg, Ds, Wwr, Ds, Hh, Gg, Ds, Gg, Gs^Ft, Xos, Xos, Xu, Xu, Xos, Xu, Xu, Xos, Xos, Dd, Ww, Dd, Dd, Md, Dd, Dd, Ww, Dd, Hd, Dd, Xos, Xu, Xos, Hd, Dd, Ww, Ww^Bw|r, Ww, Dd, Dd, Dd, Ww, Dd, Dd^Dc, Rd, Ww, Xos, Xu
Xu, Xos, Ur, Ur, Rrc, Xos, Rrc, Hh, Gg^Gvs, Gg^Wm, Gg^Gvs, Gg^Gvs, Gd^Fdf, Rp, Rp, Gg^Gvs, Gg^Gvs, Ww, Ww, Mm^Xm, Gg^Gvs, Gg^Wm, Gg^Gvs, Gg^Gvs, Gg^Gvs, Rp, Ww^Bw\, Gg^Gvs, Gg^Gvs, Mm^Xm, Mm^Xm, Gs^Vht, Xos, Xu, Xos, Gg^Gvs, Gg^Gvs, Wwf, Wwf, Ww^Bw|, Gg^Gvs, Wwf, Ww^Ewl, Gg^Gvs, Gg^Gvs, Xos, Xos, Xu, Xu, Xos, Wwt, Wwrt, Ww, Ww^Bw\, Wwr, Ww^Bw\r, Ww^Bw/, Ww^Bw\r, Ww^Bw\r, Ds, Gg^Es, Gs^Ft, Ds, Ds, Ww, Xos, Ww, Ww, Wwrt^Bw/, Ww^Bw|, Xos, Xos, Xu, Xu, Xu, Xos, Xos, Ds, Gg, Gs^Ft, Gg, Gs^Ft, Xos, Xos, Xu, Xu, Xos, Xos, Wwf, Xos, Xos, Xu, Xu, Xos, Xos, Ww, Ww, Dd, Ww, Ww, Dd^Dc, Dd, Dd, Dd, Xos, Xu, Xos, Dd, Dd^Dc, Dd, Rd, Dd, Dd^Dc, Dd, Dd, Ww, Rd, Rd, Dd, Ww, Xos, Xu
Xu, Xu, Ww, Gg^Gvs, Gg^Gvs, Rrc, Gs^Fms, Rrc, Rrc, Gg^Gvs, Gg^Gvs, Gs^Vht, Mm^Xm, Mm^Xm, Mm^Xm, Rp, Gg^Gvs, Gg^Wm, Ww^Ewl, Mm^Xm, Mm^Xm, Gg^Gvs, Mm^Xm, Mm^Xm, Gg^Gvs, Hh, Ww, Rp, Gg^Gvs, Gg^Wm, Gs^Vht, Mm^Xm, Xos, Xu, Xos, Gg^Wm, Gg^Gvs, Gg^Gvs, Hh^Fp, Rp, Gg^Gvs, Gg^Wm, Gg^Gvs, Wwf, Gg^Gvs, Gg^Gvs, Gg^Gvs, Xos, Xu, Xos, Ds, Ww, Ds, Wwt^Bw|r, Ds, Ds, Ds, Wwrt, Ww^Bw/r, Ds^Bw/, Hh, Ds^Bw\r, Ww^Bw/, Ww^Bw\, Wwt^Bw\, Ww^Ewf, Ds^Bw/, Ds^Bw/r, Xos, Xos, Xu, Xu, Xos, Xos, Xos, Xu, Xu, Xos, Xos, Dd^Do, Ur, Xos, Xu, Xu, Xos, Xos, Wwf^Es, Wwf, Uu, Wwf, Sm, Xos, Xos, Xu, Xu, Xos, Xos, Ww, Md, Dd, Xos, Dd, Xos, Md, Xos, Xu, Xos, Md, Dd, Dd, Rd, Dd, Dd, Dd, Rd, Ww^Bw/, Ww, Dd, Ww, Ww, Xos, Xu
Xu, Xos, Xos, Ww^Ewl, Ww, Gg^Gvs, Gg^Gvs, Gg^Gvs, Gg^Wm, Rrc, Mm^Xm, Mm^Xm, Gg^Gvs, Gg^Gvs, Gg^Gvs, Rp, Rp, Gg^Gvs, Ww, Gg^Gvs, Rp, Mm^Xm, Gg^Gvs, Gg^Gvs, Rp, Gg^Gvs, Wwf, Rp, Gs^Fds, Gg^Gvs, Xos, Xos, Xu, Xu, Xos, Gg^Gvs, Gg^Gvs, Gg^Gvs, Gg^Gvs, Rp, Rp, Gg^Gvs, Hh, Ww^Ewf, Gg^Gvs, Gg^Wm, Gg^Gvs, Xos, Xu, Xos, Hh, Ds, Gg, Ds^Bw|r, Gg^Es, Gs^Ft, Ds, Ww^Bw/, Wwr, Ds, Ds, Ds, Ww, Wwrt, Ww, Ww^Bw\r, Ds, Gs^Ft, Xos, Xu, Xos, Xos, Wwf, Wwf, Wwf, Xos, Xos, Xu, Xuc, Ur, Ur, Xu, Xos, Xos, Wwf, Sm, Ql, Ql, Tb^Tf, Uu^Dr, Uu^Vud, Wwf, Wwf^Es, Xos, Xos, Xu, Xu, Xos, Xos, Xos, Xu, Xos, Xu, Xos, Xu, Xu, Xu, Xos, Xos, Dd, Hd, Rd, Rd, Rd, Dd^Dc, Dd, Dd, Ww, Dd, Hd, Xos, Xu
Xu, Xu, Xu, Xos, Xos, Wwf, Ww^Ewl, Gg^Gvs, Gg^Gvs, Rrc, Rrc, Gg^Gvs, Ww, Gg^Wm, Ww^Ewl, Ww, Wwf, Ww^Bw\r, Rp, Ww^Bw/, Wwf, Rp, Rp, Rp, Ww^Ewl, Ww^Bw\r, Rp, Rp, Xos, Xos, Xu, Xu, Xos, Xu, Xu, Xos, Xos, Gg^Gvs, Gg^Wm, Gg^Gvs, Gs^Fds, Rp, Wwf^Bw\, Ww, Gg^Gvs, Gg^Gvs, Gg^Gvs, Xos, Xu, Xos, Xos, Gs^Ft, Dd^Do, Gg, Gg, Hh, Ds, Ww^Bw|r, Ww^Bw\, Wwt, Wwt, Ww^Ewf, Ds, Ds, Ds^Bw/, Wwt^Bw|, Wwr, Ds, Xos, Xu, Xos, Sm, Ql, Ql, Ql, Wwf, Sm, Xos, Xos, Ur, Ur, Xos, Sm, Wwf, Ur, Ql, Cud, Ql, Ql, Ql, Uh, Uu^Emf, Uu, Wwf, Sm, Xos, Xos, Xu, Xu, Xu, Xos, Xu, Xos, Xu, Xos, Xos, Xos, Xu, Xu, Xos, Xos, Dd, Dd, Re, Dd, Dd, Hd, Dd, Dd, Dd, Xos, Xu
Xu, Xu, Xos, Xu, Xu, Xos, Xos, Ww, Wwf, Gd^Fdf, Ww, Ww^Bw\, Rp, Ww, Gg^Gvs, Gd^Fdf, Rp, Rp, Gg^Wm, Gg^Gvs, Gg^Gvs, Ww^Ewl, Ww, Ww, Xos, Xos, Xos, Xos, Xu, Xu, Xos, Xos, Gd^Fetd, Xos, Xos, Xu, Xu, Xos, Xos, Gg^Gvs, Ww, Ww^Ewl, Gs^Fdw, Rp, Gs^Fdw, Gg^Gvs, Xos, Xos, Xu, Xu, Xu, Xos, Xos, Gs^Ft, Ds, Ds, Ww, Wwr, Ds^Bw|, Ww^Ewf, Wwrt, Ww, Ds, Hh, Gs^Ft, Ds, Xos, Xos, Xu, Xu, Xos, Wwf^Es, Ql, Uh, Ur, Ql, Ql, Wwf, Wwf^Es, Ur, Ur, Wwf, Ur, Ur^Es, Ql, Ur, Qxu^Bs\, Ql, Cud, Ql, Ql, Ql, Tb^Tf, Uu, Uu^Emf, Wwf, Xos, Xu, Xos, Xos, Wwf, Xos, Wwf^Es, Xos, Sm, Wwf, Wwf, Xos, Xos, Xu, Xu, Xos, Xos, Re, Re, Dd, Xos, Dd, Xos, Md, Xos, Xu
Xu, Xos, Rp^Vhcr, Xos, Xos, Xu, Xu, Xos, Xos, Wwf, Hh, Gg^Gvs, Gg^Gvs, Rp, Rp, Rp, Ur, Xos, Xos, Xos, Xos, Gg^Gvs, Xos, Xos, Xu, Xu, Xu, Xu, Xos, Xos, Uu^Uf, Rb, Sm, Uu^Uf, Rb, Xos, Xos, Xu, Xu, Xos, Ww^Ewf, Gd^Fdf, Rp, Rp, Xos, Xos, Xu, Xu, Xos, Xos, Xos, Xu, Xu, Xos, Xos, Wwrt, Ww, Ds, Hh, Ds, Xos, Wwt, Xos, Gg, Xos, Xos, Xu, Xu, Xos, Xos, Wwf, Wwf, Ql, Ur, Ql, Ql^Bsb\, Ur, Ql, Ql, Ur, Ur, Ur, Xos, Uh, Xos, Cud, Ql, Ur, Qxu^Bs\, Ql, Cud, Ql, Ql, Ql, Uu, Wwf^Es, Xos, Xu, Xos, Ww^Vm, Tb^Tf, Wwf, Qxu^Bs|, Wwf, Ql, Ql, Ql, Sm, Wwf, Xos, Xos, Xu, Xu, Ur, Ur, Xos, Xu, Xos, Xu, Xos, Xu, Xu
Xu, Xos, Tb^Tf, Qxu, Rb, Xos, Xos, Xu, Xu, Xos, Xos, Xos, Xos, Xos, Xos, Ur, Ur, Xu, Xu, Xu, Xu, Xos, Xu, Xu, Xos, Xos, Xos, Xos, Rb, Sm, Rp, Rp, Rp, Qxu, Wwf^Es, Rb, Uu^Uf, Xos, Xu, Xos, Ur, Hh^Fp, Rp, Xos, Xu, Xu, Xos, Xos, Wwf, Wwf, Wwf, Xos, Xos, Xu, Xu, Xos, Xos, Xos, Xos, Xos, Xu, Xos, Xu, Xos, Xu, Xu, Xos, Xos, Wwf, Sm, Ql, Ql, Tb^Tf, Ql^Bsb|, Ql, Ql, Ql, Ql^Bsb\, Ur, Ur, Xu, Xos, Xu, Xos, Xu, Xos, Xos, Cud, Ql, Ur^Es, Qxu^Bs\, Ql, Ql, Uh, Uu^Emf, Sm, Xos, Xu, Xos, Sm, Ql, Ql, Uu, Ql, Uu, Mv, Tb^Tf, Ql, Ql, Sm, Wwf^Es, Xos, Xos, Ur, Ur, Xu, Xos, Xu, Xos, Xu, Xu, Xu
Xu, Xos, Rb, Sm, Tb^Tf, Rp^Vhcr, Tb^Tf, Xos, Xos, Xu, Xu, Xu, Xu, Xu, Xu, Ur, Ur, Xos, Xos, Xos, Xos, Xu, Xos, Xos, Uu^Uf, Rp^Vhcr, Rb, Uu^Uf, Chr, Rp, Qxu, Qxu, Wwf, Wwf^Bw\r, Rp, Wwf, Sm, Sm, Wwf, Ur, Ur, Ur, Ur, Xos, Xu, Xos, Uu, Ql, Wwf, Uh, Ql, Wwf, Wwf, Xos, Xos, Xu, Xu, Xu, Xu, Xu, Xos, Xu, Xos, Xu, Xu, Xos, Wwf, Wwf^Es, Ql, Ql, Uu, Uh, Mv, Ur, Ur, Tb^Tf, Uu^Vud, Ql, Xos, Xos, Xu, Xu, Xos, Xu, Xos, Xu, Xu, Xos, Xos, Cud, Ql, Ur, Ql, Ql, Uu, Wwf, Xos, Xu, Xos, Wwf, Ql, Uh, Uu, Mv, Ur^Es, Uh, Mv, Uh, Ur, Ql, Ur, Wwf, Urb, Ur, Ur, Xos, Sm, Xos, Wwf, Xos, Xos, Xu
Xu, Xos, Rp, Rp, Rp, Rb, Tb^Tf, Gd^Fetd, Wwf, Xos, Xos, Xos, Xos, Xos, Xos, Ur, Rb, Gd^Fetd, Rp, Rp, Rp, Ur, Urb, Rb, Sm, Qxu, Wwf^Es, Sm, Wwf, Wwf^Bw|r, Wwf, Sm, Qxu, Chr, Uu^Uf, Rp, Rp, Wwf^Es, Rp, Rp, Xos, Ur, Ur, Ur, Ur, Xu, Ur, Wwf, Rp, Ql, Ql, Tb^Tf, Sm, Ql, Uu^Vud, Xos, Xos, Xos, Xos, Xos, Ur^Emf, Xos, Ql, Xos, Xu, Xos, Sm, Ql, Uh, Tb^Tf, Mv, Tb^Tf, Ql, Ql, Ql^Bsb/, Ur, Uu, Ql, Xos, Xu, Xos, Xos, Uu, Xos, Uu, Xos, Xos, Xu, Xu, Xos, Ur, Ur^Es, Ql, Tb^Tf, Wwf^Es, Wwf, Xos, Xu, Xos, Wwf^Es, Qxu^Bs\, Mv, Qxu^Bs/, Ur, Mv, Qxu^Bs\, Ur, Qxu^Bs/, Tb^Tf, Ur, Xos, Urb, Ur, Ur, Wwf, Wwf^Es, Co, Wwf, Co, Sm, Xos, Xu
Xu, Xos, Rp, Qxu, Gd^Fetd, Rp, Wwf^Bw\r, Wwf^Es, Tb^Tf, Sm, Wwf, Gd^Fetd, Sm, Rp^Vhcr, Sm, Gd^Fetd, Rp, Rp, Qxu, Tb^Tf, Wwf, Ur, Urb, Wwf, Wwf, Wwf, Rp, Sm, Rp, Rp, Gd^Fetd, Uu^Uf, Rb, Rb, Sm, Qxu, Qxu, Rp, Xos, Xos, Xu, Xu, Xos, Ur, Ur, Ur, Ur, Ur, Xu, Ql^Bsb\, Ur, Ql, Wwf, Ql, Ql, Ql^Bsb\, Ur, Ur, Uh, Ur, Ql, Ur, Ur, Xos, Xu, Xos, Wwf, Ql, Uu, Uu, Ql, Ql, Ql^Bsb/, Ur, Ql, Ql, Mv, Tb^Tf, Xos, Xu, Xos, Uh, Ql, Tb^Tf, Ql, Qxu^Bs\, Ur, Xos, Xu, Xos, Urb, Ql, Wwf, Sm, Xos, Xos, Xu, Xu, Xos, Wwf, Ql, Ur^Es, Mv, Uu, Uu, Tb^Tf, Uh, Mv, Xos, Xos, Xu, Xu, Ur, Ql, Ql, Ql, Ql, Co, Ql, Wwf^Es, Xos, Xu
Xu, Xos, Rp, Uh, Sm, Wwf, Rb, Rp, Rp, Qxu, Rb, Wwf^Es, Wwf, Qxu, Qxu, Qxu, Rp, Uh, Wwf, Sm, Qxu, Ur, Xos, Rp, Rp, Rp, Qxu, Rp, Chr, Rb, Qxu, Sm, Rb, Qxu, Rb, Rb, Xos, Xos, Xu, Xu, Xu, Xos, Rp^Vhcr, Rb, Wwf^Es, Wwf, Rp, Xos, Xu, Xos, Xos, Ur, Wwf, Ql, Ur, Ur^Emf, Ql, Ql, Ql, Ql, Uu^Vu, Ql, Ur, Xos, Xu, Xos, Sm, Ql, Ql^Bsb|, Ql, Ql^Bsb/, Ur, Ql, Ql, Mv, Uu, Uh, Uu, Xos, Xu, Xos, Uu^Emf, Ql, Ql, Ur, Ql^Bsb/, Ql, Ql^Bsb\, Ur, Ur, Ur, Urb, Xos, Xos, Xu, Xu, Xos, Xos, Wwf, Wwf, Ql, Ur, Tb^Tf, Uh, Uu^Vud, Mv, Xos, Xos, Xu, Xu, Xu, Xos, Co, Ur, Ur, Ur, Ur, Ql, Cud, Wwf, Xos, Xu
Xu, Xos, Rp, Wwf^Es, Sm, Gd^Fetd, Qxu, Sm, Uh, Rp, Rp, Qxu, Wwf, Uh, Rp, Rp, Qxu, Qxu, Sm, Tb^Tf, Uh, Xu, Xu, Xos, Rb, Sm, Rb, Qxu, Rb, Rb, Sm, Uu^Uf, Xos, Rp^Vhcr, Xos, Xos, Xu, Xu, Xos, Xu, Xu, Xos, Xos, Rb, Ss, Qxu, Rp, Xos, Xos, Xu, Xos, Ur, Ur^Emf, Wwf^Bsb/, Wwf, Ql, Wwf^Es, Wwf, Sm, Ql, Uu, Ql, Ur, Xos, Xu, Xu, Ur, Ql, Ur, Ur, Ql^Bsb\, Ql, Tb^Tf, Uu, Tb^Tf, Uu, Xos, Xos, Xu, Xu, Xos, Qxu^Bs|, Ql, Ur^Es, Gd^Fetd, Ql, Uu^Vu, Ql, Ql^Bsb|, Ql, Wwf^Es, Xu, Xu, Xu, Xos, Xos, Ww^Vm, Sm, Ql, Ql, Ql, Ur^Es, Uh, Mv, Xos, Xos, Xu, Xu, Xos, Xu, Xu, Xos, Tb^Tf, Co, Co, Co, Ql^Bsb|, Ql, Cud, Sm, Xos, Xu
Xu, Xos, Urb, Wwf, Rb, Tb^Tf, Xos, Rb, Rp^Vhcr, Qxu, Gd^Fetd, Rp, Rp, Wwf^Bw/r, Sm, Qxu, Wwf^Es, Wwf, Qxu, Sm, Xos, Xos, Xu, Xos, Xos, Uu^Uf, Xos, Gd^Fetd, Xos, Xos, Xos, Xos, Xu, Xos, Xu, Xu, Xos, Xos, Rp^Vhcr, Xos, Xos, Xu, Xos, Uh, Wwf, Gd^Fetd, Rp, Rb, Xos, Xu, Xos, Ql, Uu, Ql, Ql, Sm, Ql, Uh, Ql, Wwf, Ql, Tb^Tf, Ur^Emf, Xos, Xu, Xos, Urb, Ur, Xu, Xos, Xos, Uu, Uh, Uu, Xos, Xos, Xu, Xu, Xos, Xos, Tb^Tf, Uh, Ql, Ql^Bsb|, Ql, Uu, Ql, Ql, Ur, Ql, Sm, Xos, Xu, Xos, Wwf, Wwf^Es, Ql, Ql, Ur^Es, Uh, Ql^Bsb/, Ur, Xos, Xos, Xu, Xu, Xos, Xos, Iwr, Xos, Xu, Xos, Ql, Ql, Ql, Ql, Ur, Ql, Cud, Sm, Xos, Xu
Xu, Xu, Ur, Urb, Xos, Xos, Xu, Xos, Xos, Rb, Xos, Qxu, Uh, Sm, Tb^Tf, Wwf, Sm, Gd^Fetd, Xos, Xos, Xu, Xu, Xos, Xu, Xu, Xos, Xu, Xos, Xu, Xu, Xu, Xu, Xos, Xu, Xos, Xos, Rp, Rb, Qxu, Uh, Xos, Xu, Xos, Rb, Qxu, Wwf, Rp, Uh, Xos, Xu, Xos, Ql, Uh, Ql, Uu, Ql, Uu, Ql, Ur, Wwf, Ql, Ql, Ur, Xos, Xu, Xos, Sm, Urb, Xos, Xu, Xu, Xos, Xos, Xos, Xu, Xu, Xos, Xos, Qxu^Bs/, Uu, Ql, Ql, Ur, Ur, Ql^Bsb\, Tb^Tf, Ur, Ql^Bsb/, Ql, Ql, Wwf, Xos, Xu, Xos, Sm, Ql, Ur, Ql^Bsb/, Tb^Tf, Ur, Xos, Xos, Xu, Xu, Xos, Xos, Iwr, Iwr, Iwr, Xos, Xu, Xos, Uh, Cud, Ur, Ur, Cud, Ql, Ql, Sm, Xos, Xu
Xu, Xos, Rp, Ur, Xu, Xu, Xos, Xu, Xu, Xos, Xu, Xos, Xos, Rb, Xos, Rp^Vhcr, Xos, Xos, Xu, Xu, Xos, Xos, Rb, Xos, Xos, Xu, Xos, Xu, Xos, Xos, Xos, Xu, Tb^Tf, Xos, Rp, Rp, Tb^Tf, Rp, Rp, Rb, Xos, Xu, Xos, Tb^Tf, Rb, Wwf, Rp, Rb, Xos, Xu, Xu, Xos, Xos, Uu, Ql, Uh, Ur, Ur^Emf, Ql, Wwf^Bsb\, Ur, Ql^Bsb/, Uh, Xos, Xu, Xos, Wwf, Ur^Emf, Ur, Xos, Xos, Xu, Xu, Xu, Xos, Xos, Ur, Qxu^Bs/, Ql, Ql, Ur, Tb^Tf, Ur, Gd^Fetd, Ql, Ur, Ql, Ql, Sm, Wwf, Xos, Xos, Xu, Xos, Wwf, Ql, Ur^Es, Ql, Xos, Xos, Xu, Xu, Xos, Xos, Iwr, Iwr, Iwr, 7 Kud, Iwr, Xos, Xu, Xos, Tb^Tf, Ur, Cud, Cud, Ql, Ql, Cv, Wwf, Xos, Xu
Xu, Xos, Rp, Wwf, Wwf, Xos, Rb, Xos, Xos, Xu, Xos, Xu, Xu, Xos, Xu, Xos, Xu, Xu, Xos, Xos, Rb, Uh, Rb, Gd^Fetd, Rb, Xos, Rb, Xos, Gd^Fetd, Rb, Urb, Ur, Wwf^Bw/r, Rp, Qxu, Sm, Qxu, Gd^Fetd, Rp, Sm, Xos, Xu, Xos, Gd^Fetd, Qxu, Ss, Rp, Ss, Tb^Tf, Xos, Xos, Xu, Xu, Xos, Xos, Ql, Ur, Ql, Wwf, Wwf^Es, Ql, Ql, Uu, Xos, Xu, Xos, Ql^Bsb|, Wwf^Es, Wwf, Ur^Emf, Ur, Xos, Xu, Xos, Ur, Qxu^Bs/, Ql, Ql^Bsb\, Ur^Es, Ur, Ql, Ur^Es, Ql, Ql, Sm, Ql, Wwf, Wwf^Es, Xos, Xos, Xu, Xu, Xos, Ur, Ur, Ql, Ur, Xos, Xu, Xu, Xos, Xos, Qxu^Bs/, Co, Co, Iwr, Iwr, Iwr, Iwr, Xos, Xu, Xos, Ql, Qxu^Bs|, Ql, Ql, Uu^Vud, Ql, Cv, Wwf^Es, Xos, Xu
Xu, Xos, Tb^Tf, Rp, Wwf, Rb, Tb^Tf, Sm, Wwf, Xos, Uh, Xos, Xos, Xu, Xos, Xu, Xu, Xos, Rp^Vhcr, Rb, Qxu, Sm, Qxu, Qxu, Uh, Rb, Qxu, Tb^Tf, Wwf, Wwf, Urb, Ur, Rb, Wwf, Wwf, Uh, Rp, Qxu^Bs/, Qxu, Rb, Xos, Xu, Xos, Rb, Qxu, Wwf, Wwf^Bw|r, Rb, Qxu, Rb, Rb, Xos, Xos, Xu, Xu, Xos, Ur, Ql, Sm, Tb^Tf, Uu, Uh, Xos, Xos, Xu, Xos, Uu^Vud, Ql, Sm, Ql, Ur^Emf, Xos, Xu, Xos, Ql^Bsb|, Ql, Uu^Vud, Ql, Ql, Ql, Sm, Ql, Wwf^Es, Wwf, Xos, Wwf, Xos, Xos, Xu, Xu, Xos, Xos, Sm, Urb, Urb, Xu, Xu, Xos, Xu, Xos, Ur, Qxu^Bs/, Co, Qxu^Bs|, Ql, Co, Co, Iwr, Iwr, Xos, Xu, Xos, Cv, Ur, Ur, Uh, Tb^Tf, Ql, Cv, Wwf, Xos, Xu
Xu, Xos, Rb, Rp, Uh, Sm, Wwf, Sm, Gd^Fetd, Wwf^Es, Wwf, Rb, Gd^Fetd, Xos, Rp^Vhcr, Xos, Xu, Xos, Rb, Rb, Rb, Rb, Tb^Tf, Rb, Wwf, Wwf, Wwf, Sm, Rb, Rp, Xos, Xu, Xos, Rb, Rp, Wwf^Bw/r, Wwf^Es, Rb, Rb, Rb, Xos, Xu, Xos, Rb, Uh, Rb, Rp, Wwf, Wwf, Rb, Rb, Uh, Rb, Xos, Xu, Xos, Ur, Ql, Wwf, Ql, Xos, Xos, Xu, Xu, Xos, Xos, Ql, Ql, Wwf^Es, Ql, Ql^Bsb|, Xos, Xu, Xos, Ur, Uu^Emf, Ql, Ql, Wwf, Wwf, Xos, Wwf, Xos, Xos, Xu, Xos, Xu, Xu, Xos, Xos, Wwf, Wwf^Es, Tb^Tf, Ql, Ql^Bsb|, Xos, Xu, Xu, Xos, Xos, Ur^Es, Ql, Ql, Qxu^Bs|, Co, Qxu^Bs|, Ql, Co, Co, Xos, Xu, Xos, Xos, Cv, Cv, Ur, Ql^Bsb\, Ql, Ql, Sm, Xos, Xu
Xu, Xos, Sm, Rp, Tb^Tf, Qxu, Rp^Vhcr, Rb, Rb, Tb^Tf, Sm, Tb^Tf, Sm, Rb, Rb, Xos, Xu, Xos, Rb, Tb^Tf, Gd^Fetd, Qxu, Co, Wwf, Qxu, Gd^Fetd, Rb, Rb, Qxu, Rp, Xos, Xu, Xos, Gd^Fetd, Rp, Sm, Sm, Qxu, Rb, Gd^Fetd, Xos, Xu, Xos, Tb^Tf, Rb, Rb, Rp, Rb, Gd^Fetd, Ss, Wwf^Es, Gd^Fetd, Rb, Xos, Xu, Xos, Ur, Wwf, Xos, Xos, Xu, Xu, Xos, Xos, Tb^Tf, Ql, Sm, Wwf, Ql, Ql, Ur, Xos, Xu, Xos, Ql^Bsb|, Ql, Wwf, Sm, Xos, Xos, Xu, Xos, Xu, Xu, Xos, Xu, Xos, Xos, Wwf^Es, Sm, Ql, Uu^Emf, Uh, Ql, Ql^Bsb|, Xos, Xu, Xos, Ql, Ql, Ql, Ur^Es, Ur, Qxu^Bs|, Ql, Qxu^Bs|, Co, Qxu^Bs|, Ql, Xos, Xos, Xu, Xu, Xos, Xos, Cv, Ql, Ur, Ql, Wwf, Xos, Xu
Xu, Xos, Uh, Rp, Rp, Qxu, Rb, Qxu, Uh, Rb, Wwf, Qxu, Rb, Tb^Tf, Qxu, Xos, Xu, Xos, Rb, Co, Uh, Qxu, Uh, Wwf, Rb, Rb, Qxu, Rb, Rb, Rp, Xos, Xu, Xos, Rb, Qxu^Bs|, Tb^Tf, Wwf, Rb, Qxu, Rb, Xos, Xu, Xos, Rb, Qxu, Ss, Rp, Qxu, Qxu, Rb, Wwf, Rb, Tb^Tf, Xos, Xu, Xos, Urb, Urb, Xu, Xu, Xos, Xos, Ql, Ql, Uu^Emf, Ql^Bsb/, Wwf, Ql, Ur, Ql^Bsb/, Ql, Xos, Xu, Xos, Ur, Wwf, Xos, Xos, Xu, Xu, Xos, Xu, Xos, Xos, Wwf, Xos, Wwf, Wwf, Uu, Tb^Tf, Ql, Uu, Gd^Fetd, Ql, Ql^Bsb|, Xos, Xu, Xos, Ql, Ce, Qxu^Bs/, Qxu^Bs/, Ql, Ur, Ur^Es, Qxu^Bs|, Ql, Qxu^Bs|, Co, Ql, Uh, Xos, Xos, Xu, Xu, Xos, Xos, Ur, Ur, Sm, Xos, Xu
Xu, Xos, Rb, Qxu, Qxu, Rp, Rp, Gd^Fetd, Sm, Wwf^Es, Rb, Tb^Tf, Qxu, Uh, Gd^Fetd, Xos, Xu, Xos, Gd^Fetd, Qxu, Rb, Qxu, Rb, Sm, Co, Uh, Qxu, Gd^Fetd, Rb, Rp, Xos, Xu, Xos, Qxu, Rp, Qxu, Wwf^Es, Gd^Fetd, Qxu, Uh, Xos, Xu, Xos, Uh, Gd^Fetd, Rb, Rp, Ss, Tb^Tf, Rb, Wwf, Ss, Rb, Xos, Xu, Xos, Ur, Ur, Wwf, Xos, Ql, Uh, Uu, Uu^Vu, Ql, Ql, Wwf^Es, Ql, Ql, Ql^Bsb\, Ur, Xos, Xu, Xos, Urb, Urb, Xu, Xu, Xos, Xos, Sm, Xos, Wwf^Es, Wwf, Uu^Emf, Sm, Uu, Ql, Ql, Uu^Emf, Uh, Uu, Ql, Ql, Ur, Xos, Xu, Xos, Chw, Qxu^Bs/, Ql, Ce, Qxu^Bs/, Qxu^Bs/, Wwf, Ur, Ur, Qxu^Bs|, Ql, Ql, Ur^Es, Ur, Ur, Xos, Xos, Xu, Xu, Xos, Urb, Wwf^Es, Xos, Xu
Xu, Xos, Uh, Gd^Fetd, Tb^Tf, Rb, Wwf, Wwf^Bw\r, Rp, Qxu, Qxu, Gd^Fetd, Rb, Rb, Tb^Tf, Xos, Xu, Xos, Rb, Rb, Tb^Tf, Rb, Qxu, Wwf, Uh, Qxu, Rb, Tb^Tf, Rp, Rp, Xos, Xu, Xos, Qxu, Qxu^Bs|, Qxu, Wwf, Rb, Tb^Tf, Sm, Xos, Xu, Xu, Rb, Rp, Rp, Uh, Rb, Qxu, Rb, Ss, Qxu, Rb, Xos, Xu, Xu, Ur, Ql, Ql, Wwf^Es, Wwf, Ql^Bsb/, Ql, Ql, Sm, Wwf, Ql, Ql, Ur, Ql^Bsb/, Ql, Xos, Xu, Xos, Ur, Ur, Wwf, Xos, Wwf^Es, Wwf, Uh, Wwf, Ql, Uh, Tb^Tf, Ql, Ql, Ql^Bsb\, Ql^Bsb\, Ql, Ql, Ql, Ql^Bsb/, Ql^Bsb/, Ql, Xos, Xu, Xos, Iwr, Chw, Chw, Qxu^Bs/, Ce, Ql, Qxu^Bs/, Wwf^Bw/, Wwf^Es, Ur, Ur, Ur, Uu^Vud, Tb^Tf, Uh, Ur^Es, Ur, Xos, Xos, Xu, Ur, Urb, Xos, Xu
Xu, Xos, Rb, Qxu, Rb, Uh, Wwf^Es, Tb^Tf, Rp^Vhcr, Rp, Uh, Tb^Tf, Sm, Qxu, Rb, Xos, Xos, Xu, Rb, Uh, Rp, Rb, Wwf, Wwf, Rb, Sm, Rb, Rp^Vhcr, Rp, Sm, Xos, Xu, Xos, Uh, Rp, Tb^Tf, Wwf, Qxu, Rb, Rb, Rb, Xos, Ur, Rp, Wwf, Rb, Ss, Rb, Wwf^Es, Wwf, Rb, Qxu, Ss, Xos, Xu, Xos, Ql^Bsb|, Ql^Bsb\, Ur, Ql, Ql, Sm, Wwf, Wwf^Es, Ql, Ql, Ur^Emf, Ql, Ql, Ql^Bsb\, Ur, Xos, Xu, Xu, Ur, Ql, Ql, Wwf, Gd^Fetd, Ql, Ql, Ql, Ur, Ql, Ql, Uu, Gd^Fetd, Ql, Ql, Ql^Bsb\, Ur, Ql^Bsb/, Ql, Ql, Uu^Vud, Xos, Xu, Xos, Iwr, Iwr, Iwr, Ql, Qxu^Bs/, Qxu^Bs/, Ce, Ql, Qxu^Bs/, Wwf^Bw/, Tb^Tf, Uu, Uu^Emf, Uh, Uu, Uu^Emf, Uu, Ur, Ur, Ur, Uh, Ur, Xu, Xu
Xu, Xos, Sm, Tb^Tf, Qxu, Rb, Sm, Uh, Qxu, Rp, Wwf^Bw\r, Wwf^Es, Wwf^Bw/r, Rp, Wwf^Bw\r, Wwf, Urb, Ur, Rp, Rp, Sm, Wwf^Bw\r, Rp, Co, Rp, Qxu, Rp, Rp, Qxu, Rb, Xos, Xu, Xos, Sm, Qxu, Rp, Rp, Wwf, Sm, Gd^Fetd, Rp, Urb, Ur, Wwf^Es, Tb^Tf, Wwf, Qxu, Wwf, Ss, Gd^Fetd, Rb, Tb^Tf, Rb, Xos, Xu, Xos, Ur, Ql, Ql, Ql^Bsb\, Ur^Emf, Ql, Ql, Ql, Ur, Ql^Bsb/, Ql, Ql^Bsb\, Ur, Ql^Bsb/, Ql, Xos, Xu, Xos, Tb^Tf, Ql^Bsb\, Ql^Bsb\, Ql, Ql, Ql, Ql^Bsb/, Ql^Bsb/, Tb^Tf, Ql^Bsb\, Ql^Bsb\, Ql, Ql, Ql, Ql^Bsb/, Ql^Bsb/, Uu, Ql^Bsb\, Ql^Bsb\, Ql, Uu, Xos, Xu, Xos, Iwr, 8 Kud, Iwr, Chs, Chs, Ql, Qxu^Bs/, Qxu^Bs/, Ql, Sm, Wwf, Uh, Tb^Tf, Uu, Uu^Vud, Tb^Tf, Uh, Uh, Uu^Vud, Uu^Emf, Tb^Tf, Wwf, Xos, Xu
Xu, Xos, Rp^Vhcr, Rb, Gd^Fetd, Rb, Tb^Tf, Wwf, Wwf, Wwf, Rb, Rp, Gd^Fetd, Sm, Rb, Rp, Urb, Ur, Wwf, Wwf, Rb, Tb^Tf, Rb, Rp, Gd^Fetd, Rp, Uh, Rb, Gd^Fetd, Rb, Xos, Xu, Xos, Gd^Fetd, Uh, Rb, Rp^Vhcr, Rp, Rp, Wwf^Bw/r, Wwf, Urb, Xu, Rb, Uh, Rb, Gd^Fetd, Rb, Rb, Uh, Rb, Rb, Rp^Vhcr, Xos, Xu, Xos, Ql, Ql^Bsb\, Ur, Ql^Bsb/, Ql, Ql^Bsb\, Ur, Ql^Bsb/, Ql, Ql^Bsb\, Ur, Ql^Bsb/, Ql, Ql^Bsb\, Ur, Xos, Xu, Xos, Uu, Ql, Ql, Ql^Bsb\, Ur, Ql^Bsb/, Ql, Ql, Uu, Ql, Ql, Ql^Bsb\, Ur, Ql^Bsb/, Ql, Ql, Uu, Ql, Ql, Ql^Bsb\, Uu, Xos, Xu, Xos, Iwr, Iwr, Iwr, Iwr, Chs, Qxu^Bs/, Ql, Ce, Ql, Uu, Tb^Tf, Sm, Wwf, Wwf, Wwf^Es, Sm, Wwf, Wwf, Sm, Wwf, Wwf^Es, Sm, Xos, Xu
Xu, Xos, Xos, Xos, Xos, Xos, Xos, Xos, Xos, Xos, Xos, Xos, Xos, Xos, Xos, Xos, Xos, Ur, Xos, Xos, Xos, Xos, Xos, Xos, Xos, Xos, Xos, Xos, Xos, Xos, Xu, Xu, Xu, Xos, Xos, Xos, Xos, Xos, Xos, Xos, Xos, Xos, Xu, Xos, Xos, Xos, Xos, Xos, Xos, Xos, Xos, Xos, Xos, Xos, Xu, Xos, Xos, Xos, Xos, Xos, Xos, Xos, Xos, Xos, Xos, Xos, Xos, Xos, Xos, Xos, Xos, Xos, Xu, Xos, Xos, Xos, Xos, Xos, Xos, Xos, Xos, Xos, Xos, Xos, Xos, Xos, Xos, Xos, Xos, Xos, Xos, Xos, Xos, Xos, Xos, Xos, Xu, Xos, Xos, Xos, Xos, Xos, Xos, Xos, Xos, Xos, Xos, Xos, Xos, Xos, Xos, Xos, Xos, Xos, Xos, Xos, Xos, Xos, Xos, Xos, Xu, Xu
Xu, Xu, Xu, Xu, Xu, Xu, Xu, Xu, Xu, Xu, Xu, Xu, Xu, Xu, Xu, Xu, Xu, Xu, Xu, Xu, Xu, Xu, Xu, Xu, Xu, Xu, Xu, Xu, Xu, Xu, Xu, Xu, Xu, Xu, Xu, Xu, Xu, Xu, Xu, Xu, Xu, Xu, Xu, Xu, Xu, Xu, Xu, Xu, Xu, Xu, Xu, Xu, Xu, Xu, Xu, Xu, Xu, Xu, Xu, Xu, Xu, Xu, Xu, Xu, Xu, Xu, Xu, Xu, Xu, Xu, Xu, Xu, Xu, Xu, Xu, Xu, Xu, Xu, Xu, Xu, Xu, Xu, Xu, Xu, Xu, Xu, Xu, Xu, Xu, Xu, Xu, Xu, Xu, Xu, Xu, Xu, Xu, Xu, Xu, Xu, Xu, Xu, Xu, Xu, Xu, Xu, Xu, Xu, Xu, Xu, Xu, Xu, Xu, Xu, Xu, Xu, Xu, Xu, Xu, Xu, Xu, Xu
